ရပ် မှု ရွာ မှု 
ပြီး ဆေး 
မြင်း စား ကြုံ 
အ ငန် ပေး 
အ နေ အ ထား 
ကြား မြီး ဆွဲ မိ 
ဘော မ 
မှတ် စု 
ကံ ကျွေး 
မြွေ ပွေး ပိုး ထိ 
ထ မင်း ဆုပ် 
ချော စာ 
ဖြူ ဖပ် ဖြူ ရော် 
ဆ ရာ အ တတ် သင် ကျောင်း 
ဝစ် သ 
လှုပ် ရှား 
ကျွမ်း ထိုး ကောင် 
မိ ဂ ဒါ ဝုဏ် 
အုံ တုန် 
သ တစ် ပြန် 
စစ် ညောင်း 
ပြိုင် ဖက် 
ကြေး နင်း 
ကျောင်း ဆ ရာ 
ဥတ် တ ရ ဖ လ ဂု နီ 
ခုတ် ပိုင်း 
ကြံ ရွယ် 
အ ရဲ စွန့် 
လေ ချွန် 
သင် ပြာ 
အ ညှာ 
ဈေး ကိုင် 
လက် ထပ် 
ပေါင် ဝီ အောင် လုပ် 
ဆေး လက် မှတ် 
မြှုံး သား လှည့် 
ဆာ ကျူ လာ 
အ တွင်း ဆေး 
သန် ဓေး 
လူ တော 
အုပ် တိုက် 
ခန်း နား 
စုံ ကန် 
သ မ တာ ဂုဏ် 
အ မိ အ ရ 
က တုံး က တိုက် လုပ် 
ဝန် ချ 
လ ကွေး 
ထ မင်း ခံ 
ဇာတ် ဝင် ခန်း 
အ ကူ တပ် 
စစ် နည်း ဗျူ ဟာ 
ဇာ တာ ပေ တာ 
သူ တော် ခေါင်း 
အ ဆိတ် ငွေ့ 
ဖြူ ဆွတ် 
ဖား ပါး 
အ ရည် ရွှန်း 
မု ချ 
ဒု တိ ယ ဝါ ဆော် 
အ ပြာ မယ် 
ဟိန် တီ 
မျောက် မည် 
စ ကား ချေး 
နေ သာ 
ကိုယ် ရေး မှတ် တမ်း 
ဆေး ထ 
နို့ အေး ကြောင်း 
တ ပြွတ် တန် 
တိုက် ဖျက် 
အူ ချောင်း 
ယိုး ဒ ယား ကြက် 
ကင် ပ လင်း 
ငါး မြွေ ထိုး 
လက် ဖွဲ့ 
ဓမ် မ သတ် 
ပိ ဋ ကတ် တိုက် 
တစ် ပင် တိုင် 
ဦး ရင်း ခေါင်း ခဲ နာ 
က လေး 
ဝက် သစ် ချ 
အ သား ဓာတ် 
ခုံ လွှား 
စိုး ရိမ် မ ကင်း ဖြစ် 
ဆောင်း ဖြီး နာ 
လျှောက် ပန်း 
ရေ ဆင်း တံ တား 
ကိုယ် ပိုင် ကြောင်း 
သ မာ ပတ် 
လက် လွယ် 
ဝန် ပေါ့ 
ဟင်း မျိုး 
သ ကြား မင်း 
ဖြစ် ညှစ် 
ယမ်း ပုံ မီး ကျ 
ဓမ် မ 
နီ စပ် စပ် 
လူ ပါး 
မောင်း တောင်း ဆန် 
အ ခု နှယ် 
ပြူ ဖြူ ငှာ ငှာ 
ဆ နွယ် 
ပုံ သွင်း 
ပု လု 
ဦး လုံး 
အင်း အိုင် 
သစ် စာ တီ 
ဆတ် ထ 
စ မုန် စ ပါး 
ရှေ့ နောက် 
သ မိုင်း ဝင် 
သ အောက် သ အုံ 
ပီ လော 
ချိုး ဖျက် 
တုန် ချဉ် သီး 
အ ပြောင်း အ ရွှေ့ 
ထယ် သွား 
ပျိုး စီး 
မယ် ဖျူး 
အ ဖော 
ချိန် ခွင် ပေါင် 
ရင် စေ့ အင် ကျီ 
ဩ ဇာ စူး 
ရစ် မျိုး 
အောက် ထိုး 
မြီး ဆံ 
စု တေ့ 
ရွှေ ပြား ခတ် 
ရွှေ ထီး 
ကျင် ငယ် 
ဆောင်း ပါး 
ဝါ ဆို ပန်း 
ရေ ခြောက် 
ဆင် မြန်း 
ဆုံး ပါး 
မ စင် စွန့် 
စုတ် စုတ် 
မ လွဲ မ သွေ 
အ ချက် ကျ 
လက် တွဲ ဖြုတ် 
kei. စာ မ ရှိ 
တီး ထုပ် 
ရိပ် မြုံ 
လမ်း ပေါက် 
မိန့် ကြား 
ချင့် ချိန် 
နား ပူ န ဆာ လုပ် 
ခ ရမ်း 
ပွက် ထ 
ယုံ သွင်း 
ဧည့် ဝတ် စောင် ဝတ် 
အ ပျို ရည် 
စ လို စ လာ 
အုပ် အုပ် သဲ သဲ 
ဇာ တာ အိမ် 
ခံ နိုင် ရည် 
အ နာ ခံ 
ဖြည်း ဖြည်း ဆေး ဆေး 
ထုံး ဟောင်း 
ဗျိုင်း ငန်း 
နှစ် ပါး သွား 
ကြား ကန် 
စွပ် စွဲ 
ရှင် လောင်း 
အ သိုင်း အ ဝိုင်း 
ရမ် မက် ကြီး 
လူ ရည် ဝ 
ဝ လောင်း 
ရုပ် ပွား တော့ 
ဖောင် စီး ဂ ဏန်း 
သ တုံး 
မြုံ စိ စိ လုပ် 
ဝါ သ နာ အိုး 
ရက် ဖောက် ရောက် 
ဇီ ကုတ် 
နံ နက် ခင်း 
လုံ့ လ ထုတ် 
ဖို ချဉ် 
အ ကြား 
အ မှု မ ထား 
တ စု 
ဘူး ကွယ် 
က လန် က ဆန် ပြော 
ကျိန်း စက် 
စာ ဝ တည်း 
နောက် ပိတ် ခွေး 
သွေး ပေါင် 
အ ရွယ် တင် 
မြွေ ဟောက် 
ရိပ် ဖမ်း သံ ပန်း 
သီး ဓာတ် 
က လေ က ဝ 
အိမ် နိမ့် 
ဖင့် နှေး 
တစ် ဝင်း တံ ခါး 
စိတ် လျှော့ 
ဂျူ ရီ လူ ကြီး 
ရေ ဆေး 
မက် တ ရား 
ပြုတ် ဆတ် ဆတ် 
မင် ဂ လာ ဆောင် 
အ လုပ် သ မား 
ဗိုလ် လောင်း 
အ နာ လုံး 
အ ခင်း သွား 
ပေါင် တံ ထိုး 
ဘာ ဂ လို တို တို 
မြက် သီး 
ပျား ပန်း ခတ် 
အင် လား ငါ လား 
ဓာတ် ဖက် 
လိပ် ခုံး 
ရောင်း စား 
အ ကြံ ပေါ် 
တိုး တက် 
ဆန် ခါ သွင်း 
အပ် ချည် လုံး 
သွား ကြား ထိုး တံ 
ဗျာ ဒိတ် 
ရာ ဝင် အိုး 
ရွေး ချယ် 
လွယ် ကြိုး 
ဖော့ လုံး 
စိတ် ခိုင် 
တစ် လစ် 
ကြီး မား 
ဝါ ရ မိတ် တု ရက် 
ကောင်း ကြီး ပေး 
အ ထား အ သို 
ပိုက် ကျူး 
မှောင် ခို ဆေး 
သွေး ထိုး 
သတ် တိ ခဲ 
ဆေး ထောင့် 
ပဲ နောက် 
အ စေ့ အ င 
မ ကြား ခေါင်း မ နာ သာ 
ဇာတ် ဆွဲ 
မျိုး ရိုး 
အ သည်း ကျွမ်း 
သ မာ ဒေ ဝ 
ပြည့် စုံ 
အုတ် သုန် 
ဩ ဘာ စာ 
ပ လင်း 
ဝမ်း ရံ 
စ ခို 
ကုန် လုံ 
ဝ ရ စိမ် 
အ ပြင် 
အ ခင် 
ရှေး ဖြစ် ဟောင်း အောက် မေ့ 
က လိမ် ဉာဏ် 
ဦး နှောက် ခြောက် 
ပြန့် ပြော 
အ မြွှာ 
ဆင် တူ 
ရုံ ဝင် 
ခေါင်း ချင်း ဆိုင် တိုက် 
ဒီ က ရီ 
ဝ လုံး 
မျက် ပွင့် 
ခေါင်း ရှုပ် 
ရည် သွား 
လုပ် စပ် 
ပ ရို ကိုယ် 
ယောင် ပြား 
သ ပုံ 
စွတ် စို 
ရေ လောင် 
ပြန့် ပြူး 
တန် လင်း 
သွေး ဆိုး 
မျာ တိုင် 
ခတ် မ ဆိတ် နေ 
ထိုက် ထိုက် တန် တန် 
ဖြူ ခါ စင် 
င မင်း င ချင်း 
လော က ဓမ် မ ဒါ 
မြား ကျည် တောက် 
ပြွတ် သိပ် 
မီး ထည့် 
ရ တ နာ ပုံ ဆိုက် 
အ ထည် ကြီး ပျက် 
လုပ် သက် 
အ ခါ လည် 
စီ တော် သံ 
နေ ကျော် သား 
ရွှေ ပေ 
ထောက် ပံ့ ကြေး 
စစ် ရေး လှ 
နား သ ဖု 
လူ ဝတ် ကြောင် 
ပါ ဝါ 
ကူ ငွေ 
jau'kya- ရှာ 
မြေ စာ 
ပေး ခြေ 
ရေ စာ 
လက် သွက် 
လှပ် လှပ် 
သာ မှု န မှု 
လှေ ကား ဆန် 
ပေါက် တူ 
ဝါ ဏိဇ် ဇ 
ရင် ချောင် 
ရန် တိုင် 
မျက် မ မြင် 
ခ ရေ စေ့ တွင်း ကျ 
မူ လီ ခေါင်း 
ရာ သီ ပန်း 
ကြက် သီး ထ 
ပိန်း စား 
အ လိုက် သိ 
ထော လ ပတ် 
အ တာ ကူး 
နိ တန်း ပျိုး 
မောက် တို 
စို စိ စိ 
ဒေ သ နာ 
အ မြုံ 
ကျန်း တော 
စ ပူ 
တောင် တန်း 
ဘီ သွာ 
ကြီး ပေါင်း တက် 
ရွတ် ရွတ် 
လှုပ် ရှား မှု 
ပစ် ပယ် 
ကုန်း ချော 
ကြက် ချေး စု ခြေ 
သက် ရောက် 
အ ငယ် အ နှောင်း 
ဒွါ လောင်း 
တိုး ပတ် 
ကျောင်း တက် 
အ ပြား 
ယူ နီ ဘာ စ တည် 
မ ဒ ရတ် ခေါင် 
ကံ မြစ် 
ပ လို့ ဂ 
ကိန်း စဉ် တန်း 
မီး လောင် ရာ လေ ပင့် 
ပ ရိ ဘော ဂ 
က ဓာတ် ငန်း 
သ ဝေ 
ကု မုတ် တ 
အ မှု အပ် ထင် 
အ ရှုပ် အ ယှက် 
အ မွေ ဖြတ် 
ဝ ရင်း ထုပ် 
တစ် သုန် သုန် 
ကန့် သတ် ဆေး 
ငါး ပိ ကျော် 
အန် တ ရာယ် ကင်း 
ရှိုး ပေး 
စိန်း စိန်း ကြည့် 
ဂေါ် ရာ 
ခေါက် မုန့် 
စီ ရင် 
ကိုက် ပေး 
အ သ ဖို 
အ သက် ရှူ 
အ ချပ် 
လူ စွမ်း ခေါင်း 
နိုင် ငံ ရေး ခို လှုံ ခွင့် 
ပိုး လောက် လမ်း 
ပင် လယ် ခူ 
ပေါက် ကျော် 
ရော ရောင် 
အ ခွင့် အ ရေး သ မား 
အ ကြီး တံ 
ကွမ်း စား 
ချ ကျ 
ခ မန်း 
မိတ် ဆက် 
အ မွှေး တိုင် 
မဲ ညစ် 
စစ် ကြို ခေတ် 
စာ ရေး 
နောက် ကြောင်း 
အ ကြံ ပေး ချက် 
မ သေ ခေါင်း မ ပျောက် ကောင်း 
တင် ဒါ 
လက် ခေါက် လက် ပြန် 
သက် က ရာဇ် ရှည် 
ပီ ပီ သား 
ဘယ် လောက် 
စိတ် tra. 
ဆယ် မူး ရေ 
ကွေ့ လယ် ကြောင် ပတ် 
မိန်း မ ကြမ်း 
လျှာ စား 
အုတ် ရှိ 
အ ရပ် လူ ကြီး 
အ မျက် ပြေ 
အ ကြဲ သား 
ဇာတ် စင် 
ပုဏ် ဏား မာ 
လောင် ကျွမ်း 
တ ရား သေ 
ဖြစ် ပွား 
ရေ အိမ် 
လက် ဝါး ရိုက် 
ပြန့် ကြော် 
ဖျောက် ဆိပ် မွန်း လွဲ 
အံ့ ခ မန်း 
ဝင်း မှူး 
ကာ လ ပေါ် 
စာ မ နီ 
တ ရား နာ ခံ 
စေ တီ 
ပန်း စ ကား 
ပေါင်း ပြန် ရေ 
မျှော် ခေါ် 
ဇာတ် ချင်း 
ဖ မိုး 
အ ဝမ်း အ ဝိုင်း 
က ပတ် 
န မော န မဲ့ 
hpjaun: ပြ 
ခြေ ခြေ မြစ် မြစ် 
လက် ပူး လက် ကျပ် 
န ချည် အိမ် 
သတ် တိ ပြ 
လင်း ရုံ 
ဆင့် ကဲ ဖြစ် စဉ် 
အ ရန် ဂြိုဟ် 
ည နေ ကြမ်း 
နိမ့် သံ 
လင်း ကျင်း 
မြစ် ခုံ 
ဩ ဇာ လွှမ်း 
ချာ ချာ လည် 
ကြိမ် တွယ် 
မင်း သုံး စိုး သုံး 
ပူ စည် ဖောင်း 
အ ညွန့် ကျိုး 
မာ ဖ လာ 
ရှေး စ ကား 
မာန် တက် 
ဘု ရား အိတ် 
ရိုင်း ပင်း 
ခ မည်း တော် 
လံ ပြေး 
ရှိ စု မဲ့ စု 
ဂြိုဟ် ပက် ကား 
ထူး ချွန် 
လျှပ် စား 
အ ထက် ကျော် ကာ ရည် 
ရက် ခါ 
ချက် တ ဖြုတ် 
က လ ကာ ချ 
ဗိုလ် ဆွဲ 
ရဲ ယို 
ပုံ ပန်း 
တိုက် လေ ယာဉ် 
တွင် ပယ် 
အာ သာ 
အ မီး ကုတ် 
ထ ကြွ 
ပ ရိ ယတ် 
မုန် ညင်း ဆီ 
ပိုး တောင့် တဲ 
တစ် ရှိန် ထိုး 
ဝတ် ကျေ ဝတ် ကုန် 
ဟော ပြော 
မ ဆို စ လောက် 
ခု ခံ အား 
ပုံ သေ နည်း 
သု နာ ပ ရန် တ တိုင်း 
ဂုဏ် လျှော် 
အ ရန် ကာ ရော 
သင့် ရုံ 
လေ့ လာ သူ 
သ မ သတ် ထောင့် 
စာ ရေး ကိ ရိ ယာ 
ရုပ် တင် 
လှယ် ဖယ် 
ပျက် ကွယ် 
ဇာ တာ ပါ 
အ ရောင် 
အ မဲ ညှင်း 
ဆေး ချက် 
ဦး သျှောင် 
ကင် မ ရာ 
ဖြောင့် မှန် 
မိုး ကြိုး စက် ကွင်း 
မ ဟာ 
ကော့ လန် 
ဆောင်း ခိုင်း 
ပေါင် ခတ် 
လေ ပြေ ထိုး 
အ ချီး ဆတ် 
အ မျှ ယူ 
အ စွပ် ခွန် 
ဆူး လေ ပိုက် 
တပ် လန် 
သံ မှို 
အ ဖြည့် ခံ ရ တု 
ထု တိ 
ကျိန် စာ မိ 
အ ဖျား ရှူး 
ဘာ ဝ 
နေ ဝင် ဖြိုး ပြ 
နက် နက် နည်း နည်း 
ပေ တုံး တာ 
ဖုတ် သ ရ ထား 
စာ ပြန် 
ဖြို ခွဲ 
နှာ သံ ပါ 
ပ လွှား 
အ ရိပ် နိ မိတ် 
အ လုပ် ပါး 
တော ဖိတ် နေ့ 
ကား ကြက် 
ပန်း ဆယ် မျိုး 
ရွှံ့ နှစ် 
မယ် စက် 
ကြ ငှန်း ဖို 
ပဲ ပါး စပ် 
စု နု 
ရေ ကုန် လိုက် 
ဘာ တံ 
သံ ပ ရာ 
ဆင့် ခေါ် 
သား သ မီး 
တ ဝယ် ဆောင် 
ပဲ ကြမ်း 
အ ချဉ် ပေါက် 
ပေါ် ဦး ပေါ် ပြား 
ကျန်း မာ ရေး ဆေး လက် မှတ် 
ကြာ ရပ် 
မ ယား ပြု 
ဒက် ခိ ဏ သာ ခါ 
ဝေ လာ ဝေး 
ပို လီ ယို 
ပင်း က လား ကျွဲ 
လ ဟာ ပြင် ဆေး 
လမ်း ရိုး 
ထက် ပိုင်း 
အ ကျ နေ့ 
မာ န ကြီး 
အ တိုင်း အ ရှည် 
လျှောက် နု 
ပြ ခန်း 
ဘီ လူး ဂ မုန်း 
ယိုး တိုး ရွ တ ဖြစ် 
လေ စုံ 
ကုတ် သည်း 
ခွာ နာ လျှာ နာ 
ခန်း လုံး ပြည့် 
ခ ဏ 
ငါး လင် ပန်း 
စ ရိတ် ငြိမ်း 
ဟည်း တိုက် 
တံ စည်း တ စောင်း 
အ တား အ ဆီး 
အ ချောင် သ မား 
ဇာတ် ရံ 
စ ကား သွား စ ကား လာ 
မိုး ပျံ 
မိလ် လာ ကန် 
ထုံး အိုင် 
လူ အန် ဓ 
နား ဆီ 
လွန် မြောက် 
တွေး ထင် 
မင်း မျိုး မင်း နွယ် 
အ ကြံ တုံး ဉာဏ် တုံး 
ရေ ဇက် ကုန် 
ရက် စွဲ 
လေ ကျစ် 
ဈေး လန့် 
လိမ် ခန်း 
ကျောက် လှည့် 
သေ နေ့ စေ့ 
ပြီး ပြေ 
သ ဘော တွေ့ 
အ ဖြည့် ကန် 
အ ခတ် 
သေ ခန်း ပြတ် 
တာ ဝန် မဲ့ 
စွန် တာ နီ 
မယ် ညို 
သင် ကာ 
သင် ကန်း ဖွပ် 
ကား ရုံ 
ပါ မစ် 
ဦး စွန်း 
အ မူ အ ရာ ပျက် 
အာ စ ရိ 
မိုး ရံ 
က လစ် ဆ ရ 
တ ဘာ တည်း 
အ လောင်း က စား 
မျက် စိ ကျယ် 
အ သောင်း အ ဖျင်း 
စိုင် ပေါင် 
ထစ် ကြိုး 
မု သာ ဝါ ဒ 
ယ မန် 
ဗိုလ် စား ငှက် 
အ စို့ 
အ တိုင်း 
ပြည် ပန်း ရွှေ 
အ သုံး စ ရိတ် 
တုံး တိ 
ရိုး ရိုး တန်း 
စာ ချပ် စာ မ 
စ ရည်း 
သတ် ပြင် ညု တ ဉာဏ် 
ထ မင်း စား ပွဲ 
ဝိ လုပ် 
လက် စ ဖျောက် 
ရိုး ရာ 
မဲ ရုံ 
ဝင် စွက် 
တပ် ရဲ 
လမ်း ညွှန် 
အ မွေ စား အ မွေ ခံ 
မောက် ခိ တော 
နား ယောင် ပ ရောင် 
ကောက် သစ် စား ပွဲ 
ရင်း ကပ် 
ငယ် ကြိုက် 
တိုက် ရာ ပါ ပစ် စည်း 
ပဲ ဖြူ လေး 
န တင် 
ပုဂ် ဂ လိ က 
တပ် မ ဟာ 
အား ချာ မ ခံ 
တောင့် တင်း 
အ မြဲ တ စေ 
သွေး စုတ် 
မိုး ကုပ် စက် ဝိုင်း 
စည်း ပုံ 
စာ မေး ပွဲ ဖြေ 
ဆိတ် ခံ 
တစ် ကိုယ် တော် 
အ စွန်း ပြ 
ခိုး ရာ လိုက် 
လယ် ပျက် 
လမ်း ဖုန် 
လက် ယာ 
အ ထုံ 
အ မွေ 
ပြောက် ကျား စစ် 
အ ပြစ် အ ချွဲ 
စာ အိတ် 
စ ကား တောက် 
ရေ လုပ် သား 
လယ် ကူ လီ 
ပွဲ စက် များ 
မူ တည် 
နေ့ မီး ည မီး လုပ် 
ခြေ များ 
အ ဆစ် အ ပိုင်း 
အ သံ ကြောင် 
ပိန်း စိမ်း 
အ သိ စိတ် 
ခြေ မြန် 
ပွတ် ခုံ 
တ ရား ပျက် 
စဉ့် အိုး 
အ စီ ရင် ခံ 
လွှတ် မိန့် 
မေး ရိုက် မေး ဝယ် 
ငယ် မူ 
ပန်း စီး 
ရေ လွှတ် 
တိုက် စ ပါး 
ရွက် ဖြတ် ပိုး 
ဖြတ် စက် 
ရေး ချွတ် 
ဘိက် ခု နီ 
စား သုံး သူ 
ဟော ပြော ပွဲ 
ကု ဘ 
ပိန်း ချ 
မြား ရွက် 
နှာ သံ 
ပူ ချစ် 
နှစ် လုံး ပေါက် 
ဦး တိုက် 
တော် လှန် ရေး သ မား 
နိဗ် ဒေ သ 
ကွက် ကျော် မြင် 
လက် ဖွာ 
အ နုပ် 
ခြေ ကြွ 
ဆတ် ဖို 
အ နေ 
ဖြူ လှပ် 
ရေ ဆေး 
မေတ် တာ ပျက် 
ဝါ နု 
မျက် နှာ မဲ့ 
စွဲ လမ်း 
လူ လုံး လူ ထည် 
မီး ကြိုး မောင်း ပျက် 
မုန့် အုပ် က လေး 
ကိုယ် ဆီ ကိုယ် ngha. 
ကျောင်း နေ ဘက် 
ကွဲ သတ် 
ရဲ ဝံ့ 
ပျက် တီး ပြက် ချော် 
သံ ဖြူ ဆိုင် 
အ ကျဉ်း ချုပ် 
မယ် တ လင် 
လက် ဆုတ် လက် ကိုင် 
အ ဖုံ ဖုံ 
ဆ တိုး ကိန်း 
စေး နှဲ 
အ ဟန့် အ တား 
ပြောင် ပြောင် 
ချိန် ထုပ် 
ပေး စာ ကမ်း စာ 
အ ထိုက် အ လိုက် 
မျဉ်း သား 
လ ဟာ ပြင် 
စစ် ဥ ပ ဒေ ချုပ် 
နှမ်း ချပ် 
ဩ ပစ် မ ကွဲ 
သွေ စောင်း 
မွေး လ 
အ ညှောက် 
စီး ပွား ပျက် 
မွေ့ လျော် 
တောင် တင်း 
ခ ရီး ဆောင် 
ထန်း လျှော် 
ဒါ န 
ကွဲ အက် 
ကောင်း မှု 
စိတ် တွက် 
အ ရှင် ထွက် 
မုန် ကြာ စေ့ 
အာ မ ခံ 
ဖြစ် ရ လေ ချင်း 
ချပ် ချပ် ရပ် ရပ် 
သီး စား ခံ 
ယောက် ခ မ jau'kya- သူ 
ပေါ် လစ် ဗျူ ရို 
ကုန် သင် ဘော 
သိမ်း ပေါ် 
မိုး ပွဲ 
အ ကြွေး ပူ 
သံ ပတ် ညောင်း 
ကုန် ဈေး နှုန်း 
အ သံ ထွက် ရုပ် ရှင် 
ရော ရု 
အ သက် ငင် 
သွေး ပေါင် ချိန် 
ဘော် ရာ 
မီး ယပ် ပ ညာ 
ဆင်း သက် 
တစ် နတ် စား ဉာဏ် 
စိတ် တိုင်း ကျ 
ကြား လက် သည်း 
အ နည်း ဆုံး 
ဆေး အိုး 
ယ ဟုန်း 
မျှော့ ကြိုး 
ချွေး စီး 
ကန့် ချုပ် နီ 
ကာ ရိုက် က ရိ 
တူ အ ရီး 
ပေ ကတ် 
မယ် သီ လ 
စ ကော က ရင် 
အ ညစ် အ ထီး 
ဝမ်း နူး 
အ ဖု 
စာ ရင်း ကိုင် ပ ညာ 
ဝမ်း သွား 
စစ် စည်း 
ဟိုး ဟိုး ကျော် 
အေး ဆေး 
တ ဝင်း ပူ 
ကွယ် ပျက် 
ပ ရန် ဆ ရာ 
အ မှု တွဲ 
ရဲ တိုက် 
လွှ တိုက် 
အ ရိပ် ပန်း 
ဆ ပုပ် 
အ နင့် ခံ 
ပြဋ် ဌာန်း 
ထွေး လား လုံး လား 
အ ဘိ စာ 
ဘဏ် ဍာ စိုး 
သ ပြေ 
သင်း ချော 
သ ခေါင်း သား 
သာ သ နာ့ ရိပ် သာ 
အင် ဂါ စုံ 
ရုပ် ပျက် ဆင် ပျက် 
ဖပ် ဖပ် မော 
မာန် စွယ် ကျိုး 
အ နောက် 
က လန် က လား 
ကပ် ချွဲ 
အ ဖိုး 
ပြာ တာ 
ကောက် ရိုး နွယ် 
ဆင် ဒီ ဂိတ် 
စ လွယ် သိုင်း 
နှိုက် နှိုက် khju' khju' 
ရေ ထ 
ရေ ယာဉ် 
အာ ယု သင် ခါ ရ လွှတ် 
ပ ခုံး ပေါက် 
အ မှိုက် 
ရင် သား 
ကျစ် ဆန် မီး 
အုန်း ပင် စိုက် 
လက် ကူး လက် ပြောင်း 
အ တည်း 
သောက် တော် ရေ 
ပ ရ ဝ အက် ခ ရာ 
ငါး ကြင်း ပွတ် 
လောင်း တန်း စား တန်း 
တော ရ ကြောင်း 
အိမ့် ရှင် 
နိ ဿ ယ 
မျက် ခေါက် 
စာ ပေး 
နား လှည့် 
လော က ဓာတ် ပ ညာ 
အ မြွှာ 
ကမ်း ခြေ စောင့် တပ် 
ထွန် သွား 
ခြေ စ လက် စ 
တဲ့ ထိုး 
မျက် နှာ ဖုံး 
တစ် ယွင်း 
အ ပြွတ် 
ဝမ်း စာ စ ပါး 
အ ရိပ် ကြည့် 
နေ ရက် 
အ ရူ ပ ဘုံ 
ဇမ် ဗူ ရစ် 
ပွဲ လမ်း 
သွေး ကြောင် 
လ ပြည့် နေ့ 
ပြော ရေး ဆို ခွင့် ရှိ သူ 
အုန်း ခ နဲ 
အ လို 
ပဲ ကတ် တီ ပါ 
မီး နေ 
လွှဲ ပြောင်း 
စစ် ဥ ပ ဒေ 
ခွာ ရည် စည်း 
ပြာ က လပ် 
သိန် ဂီ 
က လ ကာ 
မာ တု ကာ မ 
လိုက် စား 
အ ထက် စီး 
ဇာတ် ပေါင်း ခန်း 
ထိုင်း မြင်း 
အ ရေး ကုန် 
ဖြေ ဖြော် 
လှေ တက် 
နေ မြင့် 
ကြိုး မဲ့ ကြေး နန်း 
ယု ယ ပိုက် ထွေး 
လက် စ သတ် တော့ 
အ သေး အ ဖွဲ 
ကျင့် သုံး 
ဆား မြည်း 
နိဗ် ဗာန် ဆေး 
အ ကြွေး ထူ 
ဆွမ်း တော် စွန့် 
ဝတ် ပြု 
ကျဲ ခင်း 
အင် အား 
စိတ် ပု တီး 
ကျူး ရင် 
ကပ် တာ ရ သင် ချေ 
ဝါ ငယ် ထပ် 
တိ ဟိတ် 
ခြား ရ ဟတ် 
စွေ့ စွေ့ 
မုန့် ကျွဲ သဲ 
မဲ နက် 
စိတ် ရှည် လက် ရှည် 
လက် ဝဲ ရစ် 
ထွေး အင် 
လုပ် ဆောင် ချက် 
ပေါက် ပွား 
စိမ်း စား ငါး ပိ 
ပျင်း ဟုတ် 
ခြေ ကျ 
မြင်း အား 
တိုင် ပင် 
ပျော် ဝင် နိုင် စွမ်း 
ဆ ရာ လေး 
ကျည် တောက် 
ဘာ ဂီ 
တွေ့ က ရာ 
ပြ ရုပ် 
ရုပ် ပုံ 
ဆီ ဇိမ် စက် ကူ 
ပြွတ် သိုက် 
ပုတ် ကိုယ် ဆွဲ 
က နွဲ့ က လျ လုပ် 
လွှ စာ 
သူ ခိုး 
ပုံ နှိပ် စက် 
ထ မင်း ချိုင့် 
ကြယ် ရေ မှုတ် 
ရာ ဇ ဌာ နီ 
ရူး ရူး မိုက် မိုက် 
အ ဌာန် 
ကြီး ခြေ 
မင်း ကို ကာ 
စ ရွေး ပေါက် 
ရင် ခွင် 
ကျမ်း ခင်း ဆေး 
အာ ဝါ သ 
စ တည် ရီ ယို 
ဆပ် ပြာ မှုန့် 
ဖင် ဘူး တောင်း ထောင် 
ဖောက် သည် ပေး 
ကြွက် နို့ 
ပတ် တီး ချ 
သွန်း လောင်း 
ရှင် သံ 
အ တွင်း အ ပြင် 
နောက် ဖေး အိုး 
ဝိ ဘာ ဂ ဝတ် 
လက် ဆွဲ ပုန်း 
ပူ တူ တူး 
အ မော စေ့ 
ပြာ ရီး ပြာ ရာ 
ပု စွန် ငါး ပိ 
အ ရှင် သ ခင် 
မော် တော် 
စည်း ချ 
လို လား 
အက် ဥ ပ ဒေ 
အ ပြန် 
ရီ တ ရော 
လူ နေ မှု အ ဆင့် အ တန်း 
ဆု လတ် 
မည် သို့ မည် ညာ 
သက် ဆိုး ရှည် 
အ သု ဘ ရှု 
ဝိ ဂြိုဟ် 
ဆဲ ဆို 
ပန်း ပွတ် 
က ဗျာ ဆ ရာ 
လည် ချောင်း သံ 
အ ကြောင်း ချင်း ရာ 
တောင် က သစ် 
ဓာတ် ငွေ့ 
ပလ် လင် စင်း ငွေ ခြေ 
လန့် ဖြတ် 
ငါး မိုက် သား 
ဘုတ် အုပ် 
အ ရင်း မြှုပ် 
မျက် မျက် စက် စက် 
လေ သွန် 
စာ ရင်း တိုင် 
ဆုတ် ကန် ကန် 
ည တွင်း ချင်း 
လေ ပုန်း 
ဖန် နှုန်း 
ကိုင်း ခုံ 
ရွှင် မြူး 
နံ တောင်း 
ဩ ဇာ ရှိ 
မောင် နှ မ 
မျောက် အိမ် တော် 
ဖြတ် စား လျှပ် စား လုပ် 
ကမ် ဗ ရက် သတ် မြင်း 
သက် သက် 
ဝမ်း နည်း ပက် လက် 
အ ခင်း ဖြစ် 
အ နု စိတ် 
အ ပြစ် ပေး 
အ ရ ကောက် 
ကူး ချ 
အ ကြင် လင် မ ယား 
လေး ပြင် လေး ရပ် 
ကွင်း ထိုး ဖိ နပ် 
ပျော့ သား 
စ ပါး ရ 
တစ် ကောင် ကြွက် 
လူ ပျို ဟိုင်း 
ကြောင်း တူ သံ ကွဲ 
ဇာတ် ရည် လည် 
အာ ပုံ 
က စား ဝိုင်း 
အ မြန် ရ ထား 
ကျုံး သွင်း 
လမ်း ပြ 
တန် လ 
ကြံ့ ထိုး မိုး ဆင်း 
သူ သူ ငါ ငါ 
လျှော့ ချ 
မျက် ကြော တင်း 
ဆိုး ခ နဲ ဇာတ် ခ နဲ 
မိုက် ရိုင်း 
ခြေ တိတ် 
ကံ ခေ 
ကိုယ် လက် နှီး nho 
ရင်း နက် 
အ ရ ကြက် 
ညှာ တာ 
ခေါက် ချိုး ချိုး 
နား ရင်း အုပ် 
ကြိတ် မှိတ် 
အ ကာ သား 
ခွာ ပြဲ 
ရိ ရွဲ 
လိုက် ပွဲ 
လက် ယား 
လေ ဖိ အား 
အောက် ချင်း 
နွား စား ချင်း 
နေ ချို 
အ တုံး အ ရုံး 
ဂ ဏန်း 
စည်း ကမ်း 
သွန်း dhun: 
စိမ်း ရွှေ ရွှေ 
သစ် ခွား ရည် 
တံ ပူ စား 
ကာ ပိုင် 
အ ရန် အ တား 
မ ဟာ ဂီ ရိ 
အိပ် ဖန် စောင့် 
တုံး စပ် လှေ 
ကြား သစ် 
ရယ် စ ရာ ဖြစ် 
သွေး နု သား နု 
နှုတ် မှု ပ ညာ 
ငါး မန်း ထောင် 
အ ခန့် 
ပ ထ နာ 
ပ ဋိ ဖို 
ဆယ် ကြိုး ဆယ် လ 
အပ် ကုန် 
န ကန် ပ တိ 
ပန် တူ 
ခ လေး စိတ် 
သင် ကန်း lha- 
မျက် စိ မှိတ် 
စ လုံး 
စင် တီ က ရစ် 
မြား ဦး ပုံ 
အ ကြောင်း ပြု 
အ ခြေ ပျက် 
ရာ ထား ချက် 
အ ဖူး 
ဖန် ဓာတ် 
ဗ ရ ဗွေ 
လူ ပုံ 
သ က တာ ခံ 
ငယ် ပေါက် 
ရွှေ ဒင် ဂါး ပန်း 
ချောင်း ဆိုး 
ဆေး ကျ 
အောက် တန်း ကျ 
အ သုံး အ နှုန်း 
ကြောင် မျက် ရွဲ 
လက် ခ ဏာ ဖတ် 
အ ဘိ ဓာန် 
ကျောက် တန် 
တို လီ မုတ် စ 
ချစ် သား 
ရှေး ဖြစ် ဟောင်း 
ငါး ခုံး မ 
လူ ရာ သွင်း 
လက် ချစ် 
ဗျိုင်း ချေး 
က ပြက် ရ ပျက် 
ရှု မြော် 
ခြေ ချင်း ခတ် 
အ ခံ 
လှိုင်း တို 
လယ် ယာ ချောင်း မြောင်း 
ဝိ ကပ် ပ နာ 
လေ လံ တင် 
အိပ် ပျော် 
လက် ရိုး 
စ ကား 
ဖြို ဖျက် 
ခြင်း လုံး 
တူး မြောင်း 
ရှောင် တ ခင် ခွင့် 
အ ငို 
အ ဖြည့် ကတ် တား 
ရန် ပုံ ငွေ 
ဥ ဒါန်း ကျူး 
စာ တိုက် သေတ် တာ 
ဆီ ချည် အိတ် 
ထပ် တ ရာ 
ယိုး တိုး ရိပ် တိတ် 
စည်း ထုပ် ဖန် 
သဲ ခြောက် 
အိပ် ချိန် 
စ ကား တင်း ဆို 
ပါ ရ မီ 
ပေါင်း လိုက် 
အ အေး 
ကာ လ ဝမ်း 
သ ကဲ့ သို့ 
ကြောင် မီး တူ 
သ ရ ဖူ ဆောင်း 
ပြိန်း သွမ်း 
ကျ ပန်း 
သ မင် ဂြိုဟ် 
ဖန် ရည် ဆိုး 
လူ တွင် ကျယ် 
ဧည့် ခံ ဆိုင်း 
အ လုပ် ဖြစ် 
သံ ခေတ် 
အာ ကာ သ ဆိုး 
ဩ ဇာ တိ 
သောင်း သောင်း 
ဝိ ညာဉ် 
ခေါက် ကြေး 
အောင် မြင် 
ရှောင် ရှား 
အ ကြော ဆိုင်း 
တူ ဗေ နာ ပေ ခံ 
ပိုး မွေး စုတ် 
တိုင် အောင် 
သံ ဖြတ် လွှ 
တစ် တင် က 
ထိုး မုန့် 
လင် သား 
ရောင်း ဝယ် 
လောက် လောက် လား လား 
မိုး ကျိန်း 
နှင်း ကွဲ 
ဝှက် စာ 
ကိုယ် လုံး ပေါ် မှန် 
စိတ် ရော ကိုယ် ပါ 
တပ် ဦး ဘီ လူး ပါ 
ပ ရင်း 
လူ ငယ် 
ဇ ယား 
ကျူး ကျော် နယ် ထိုင် သူ 
မ ချို မ ချဉ် 
က ရီ နော သံ 
လက် ဝေ စာ 
ဆ ခါး 
အောင် သ ပြေ 
ရေ လှည့် သင့် 
လူ လုပ် 
ငယ် နာ မည် 
ထန်း တက် သ မား 
အီး ပါ 
ချိပ် တိတ် တိတ် ပြော 
နိ တန်း 
ဆုံး မ 
ကြွက် တွင်း 
စာ မူ ဂ 
ရန် လို 
မင်း မဲ့ တိုင်း ပြည် 
မီး ယပ် ပိန် မီး ရပ် ခြောက် 
အ သေး အ မွှား 
ခန့် ခွဲ 
မာန် ဖီ 
ရာ ဇ သတ် 
ဖွဲ နု 
အ နယ် 
ဟုတ် ကဲ့ 
ရေ နံ ဆီ 
နယ် စပ် 
လည် ခွံ ရာ နက် 
စာ ဘော် လီ 
စ ကား ထစ် 
အ ကာ အ ရံ 
ဥ ပက် ခါ ပြု 
ဖယ် ခွာ 
ရေ သိမ် 
ဝမ်း ကိုက် 
ပု လဲ ပေါက် 
ရန် စောင် 
သီ ကာ ရည် ကာ 
ထိမ် ဝှက် 
အင်း သွား 
လွမ်း ပြား လွမ်း နာ 
ဖင် တိုင် ခုံ 
ခိုင်း မက် 
အ ဖြိုက် နက် 
ဘ ဝ ပြောင်း 
ရာ ခွက် 
ရာ ဇ ဝတ် ကျင့် ထုံး 
ဝတ် တွား 
မောင်း စီး လက် ဖွဲ့ 
သုံး တောင့် အိုင် ချင်း 
ဗ ရ ပစ် 
နောင် ဖ ဝါး 
ပဲ ကြီး 
သန် ဘက် 
လက် လှည့် သင့် 
ခြစ် ခြစ် ချုပ် ချုပ် 
နှုတ် ကျွန် 
ဒီ လှိုင်း 
စာ ကြောင်း 
အ သား ညှပ် မုန့် 
လေ တိတ် 
စ တု မ တူ 
သ ဘော သ ရုပ် 
ဝါ ထွက် 
ပတ် လုံး 
အ တိတ် ကောက် 
ချက် က လိ 
ထိ က ပေါက် 
ကျက် သ ရေ ခန်း 
အ သက် ထက် ဆုံး 
ရက် ကန်း ကြိုး 
ရ ဟန်း 
ပု စွန် ခြောက် 
ခြောက် ပေါက် မ 
မီး ဆော် 
ပုံ ဆွဲ 
စိမ် ရည် 
အ ကဲ ဖြတ် 
လေ ကျင် တက် 
သံ ဖြတ် 
သတ် မှတ် 
စပ် ကူး မပ် ကူး 
သူ ခိုး 
နိ ဿ ယ 
တင်း ပြည့် ကျပ် ပြည့် 
သူ ရိ ယ 
ဂုဏ် သိမ် 
အ ခန့် တော် 
ဆီး သွား 
ဝဲ စား 
ဓား ဆောက် ကမ်း 
ပျင်း မ 
ဆောင့် အောင့် 
တ ရော် 
ဆက် ကြေး 
အ ဆာ ပြေ 
ပြန် ကာ ဟတ် 
မြေ ယှက် 
ခဲ ရမ်း မီး ကျောက် 
ရေ ကိုင် 
သ ဘာ ဝ ပေါက် ပင် 
သ ချင်း ကြီး 
သာ လျှင် 
ကော် ပီ 
ရိပ် သာ ပင် 
လွတ် မြောက် 
ဆေး အိုး ပုပ် 
ရာ နှုန်း ပြည့် 
ချွေး ဆေး 
ကျောက် စာ တိုင် 
ရွတ် တွ 
စွမ်း ရည် 
တစ် မုန့် 
အိပ် ရာ ထ 
ရေ ဘုံ ပိုင် 
ရူ ပ နိ ကာယ် 
ဒေါ န 
ဝတ် ထု တို 
ကြိုး ဝိုင်း 
အ ရေး ပိုင် 
ဆေး တိုက် 
တိ တိ 
စက် လှေ ကား 
အင် ခြိုက် 
အ လို ဆန် ဒ 
ရွှေ တောင် 
မိုး မျှော် 
လည် သီး 
ခဲ မ ဖြူ 
သံ ကြိုး စာ 
သ ကြား ရေ စင် 
ကာ ဆွဲ ပေါက် 
စိုက် ခွ 
ချ ပုန်း 
နေ ဝင် မိုး ချုပ် 
အ သင် ချေ ရ ကပ် 
ဆီ ပြန် 
ရေ ဆုံး ရေ ပြား 
သ ထွေး 
မိန်း မ ဂို 
ငူ တူ တူ 
လယ် ဗ တူ 
မ ချိ တင် ခဲ 
သွေး ဝေး 
အ လှမ်း ကွာ 
ဘု ရား ကိုး ဇူ 
အ ညှော် မိ 
ပေါင်း တင် 
စာ တိုင် 
ချူ နာ သည် 
စာ တည်း မှူး 
နာ တာ ရှည် 
ဒေါ် လီ ကြို 
ငယ် စာ ရင်း 
အုတ် အော် သောင်း နင်း 
ခို မှီး 
စစ် ပြိုင် 
ရော လုံ ချည် 
အ ဖျော် jei. 
ညို့ မှိုင်း 
နား ပန် 
စ ကြာ ဖြန့် 
အား ရှိ ပါး ရှိ 
မည် မည် 
စ လုတ် 
ဆွဲ ကျ 
ဒိုး ခ နဲ ထောက် ခ နဲ 
မြေ ပေါ် 
အ မျိုး အ နွယ် 
အ တို ကုပ် 
ခြေ ဆင်း 
မ ကောင်း ဒ ယောင်း 
မ အေ 
မ ကြီး ပ နီ 
သာ ခွာ 
ဝိုင် ယာ လက် 
ဖောက် လုပ် 
တွယ် နှဲ 
အ မြတ် ထုတ် 
ခက် ရင်း 
သွေး ပူ လေ့ ကျင့် ခန်း 
ထက် ဝက် ဝက် 
အ ဖြစ် 
စား တော် တိုက် 
ရှိန်း ဆ ရာ 
လေ လှည့် 
စိမ်း ကော 
အ ထူး တန်း 
ဗုဒ် ဓ သ ရ ဏ ပင် 
န ငတ် ရိပ် ကျ 
အုတ် ခွက် ဘု ရား 
ဆေး ပြင်း လိပ် 
အ မွေး ဆောင်း 
စ ကား ပြော ကြီး နန်း 
ဆန် ညှာ 
သ န ရုပ် ပ 
အူ ရိုင်း 
မူ ဝါ ဒ 
ဆင့် ပွား သင် တန်း 
မြေ ရာ 
အာ စာ နီ 
ကွက် နာ ပိုး 
ဖုတ် ဝင် 
နောက် နေ့ 
ဦး ထန်း ပဲ့ ထမ်း 
အ ခ ကြေး ငွေ 
စ ခန်း ချ 
အော် ကြီး ဟစ် ကြီး 
လောင် ကျွန်း 
ရာ တံ စေ့ 
လေ ဖို 
ပန်း ဝတ် ရည် 
စောင့် သုံး 
ပင် ရင်း 
တာ ဝန် မဲ့ 
ရုပ် ဆင့် သဏ် ဌာန် 
အ ချိန် ရ 
လျောင်း စက် 
စ လွယ် 
မြွက် ကြား 
အ နန် တ ရိ ယ ကံ 
ကြွက် သား 
ဆေး ထိုး 
ကန် တာ ရီ 
ငါး မှုန် 
ကျောက် စွဲ 
ဝန် ကြီး ချုပ် 
ရေ စက် ဆုံ 
လူး ရွေ ပေါ် 
နေ့ ချင်း ပြီး 
အ ကြည် 
မိတ် ဆုံ ပွဲ 
လက် ဖျောက် တီး 
နိ ပါတ် 
ပေါ် ထွန်း 
အ ပြုံး 
မြင်း ပွဲ 
အ ချုပ် သား 
တယ် လီ ဖုန်း 
အ တွက် 
ရှိ ခိုး 
ပါ ဒ ရက် 
ဆွမ်း ဆန် စိမ်း 
တစ် သက် 
မျက် နှာ မည်း 
န ဗျည်း 
နန်း ရှုပ် 
လ မယ် 
တစ် အူ တုံ့ ဆင်း 
ဝက် ကျ 
က လပ် 
အ ငံ့ 
ကုန် စုံ ဆိုင် 
ပေါင်း မိုး 
ရေ လည် 
စဉ်း လျှင်း 
ဆွမ်း ခံ ပင့် 
ကိ မိ လ ဗေ ဒ 
နံ ကြား 
ယောက် ရိုး တံ 
အ သေး 
တော မှား 
ပ ရိတ် ပန်း 
အော် ကျယ် ဟစ် ကျယ် 
ခြေ တုန် ချ တုန် ဖြစ် 
နို့ ပြင်း 
မျောက် လှေ ကား 
အိပ် မှုန် စုံ မွှား 
ချွန် မြ 
ဖင် လေး 
ထုတ် လုပ် 
လပ် လျား လပ် လျား 
နွား ခြောက် 
အ ဖန် ဖန် 
အ ချော 
တ နှောင့် 
စ လွန် 
ပါး စပ် သ တင်း 
ပက် ပင်း 
အာ ရုပ် ပိတ် ဒ 
အ စု အ သင်း 
စု လည်း 
သ က ရာဇ် တို 
ကြား သား မိုး ကြိုး 
န ဖာ ကြေး 
သ မာ ဓိ ခုံ ရုံး 
အ စစ် ခံ 
အ သိ မိတ် ဆွေ 
မိတ် သ က 
စန် ဒ ကု မာ ရ ဇာတ် 
နေ နိုင် 
မျက် ရည် ယို ပုန်း 
သွတ် သွတ် 
မျောက် မွေး 
လောက် lhwe. 
အ ကြော မျက် 
ဇ တူ 
ပြေ လည် 
သင် ကြန် အ မြောက် 
နှံ စား ပြောင်း 
အိပ် မက် မြင် 
ဟန် ဆောင် 
လေ ဝင် ပေါက် 
ပွဲ ဈေး တန်း 
လုံး ပန်း 
လက် ငယ် တည် 
ခေါ ပြင် 
အ သောက် အ စား 
အ ကုန် ခံ 
ညာ လုံး 
လယ် ကုပ် 
တောင် ပုံ ရာ ပုံ 
အ ကြောင်း 
တ ရ 
စောင့် လျှောက် 
ပြတ် ပြတ် 
ဝိ တက် ဝိ စာ ရ 
အ လို မဲ့ 
ခါး ကိုင်း 
ပျိုး ရမ်း 
အ ခ မဲ့ 
ခု နစ် ရက် သား သ မီး 
အန် တ လင်း 
သံ ဖြူ 
ဒြပ် ထု 
ကျွန် တော် 
စိုက် စိုက် စိုက် စိုက် 
ပေါ့ ရွှတ် ရွှတ် 
ဝ ခြောက် ဝ ခံ 
မိတ် ကပ် 
ကဲ့ ဝှက် 
ခွဲ စိတ် ကု စ ရာ ဝင် 
အ ရေး လုပ် 
သ ရေ သေတ် တာ 
ဖိတ် ခေါ် 
အ လုံး လိုက် အ ခဲ လိုက် 
ရေ မိုး ချိုး 
ပွေး ဂိုဏ်း 
အ ခွေ 
ရှန့် တန့် တန့် 
နေ့ ရှည် ရက် များ 
ရိုး မ 
ဂုဏ် မင်း 
သော ကြာ ဂြိုဟ် 
သို သိပ် 
ငေါ် ငယ် 
သီး ထောင် ဖွပ် 
ဝတ် လုံ 
စော ပြာ 
လင် ရ 
တစ် ဖျဉ်း ဖျဉ်း 
အ တွင်း စ ကား 
ကြီး စောင့် ကြက် နှင် 
နိ ပါတ် ခင်း 
သန် ဓေ 
အ နု ညာ တ 
ကူး ချည် သန်း ချည် 
အ ဏု မြူ 
ပ ရ မတ် ထ တ ရား 
အ ကျိုး ဆောင် လုပ် ငန်း 
ခိုင် ကြေး 
ဩဋ် ဌ ဌာန် 
လျှာ ရှည် 
ဗီ ဇ နာ 
ပိန် နဲ ရောင် 
အ ထည် အ လိပ် 
အ ဆင် အ ပြင် 
မျိုး စေ့ ချ 
သံ တို သံ စ 
ဝါ ကြိတ် လိမ် 
ညီ မ 
အ ချီး နှီး 
ရေး ရေး 
အောက် ချင်း စာ 
စွန့် ခွာ 
မိတ် သ 
ဆွမ်း သွတ် 
ဂုဏ် စက် ကူ 
ရှုပ် ထွေး ပွေ လီ 
တံ တား ရှင် 
နောင် တော် 
မြစ် ဖြတ် ဆေး 
အုပ် ဆောင်း 
ကာ သာ ပေး 
ချော် ချွတ် 
ပေါက် လောက် ညို 
လွမ်း ဆွေး 
ရှား စောင်း ချဉ် 
ဘုန်း တုံး လုံး တုံး 
ဒေါက် ဒေါက် ကြဲ 
အူ ချာ ပေါက် 
ကြီး သား ရိုက် 
မီး ထွက် 
ဘီ ကြား 
အ ကြိုက် 
ကြက် ဥ ခိုး မြွေ 
လတ် ပိတ် 
ထောက် ချင့် 
ဒီ ဃ နှစ် 
ချက် ကြွေ 
ငယ် ပေါင်း 
ကာ လ န ဂါး 
ရင် ကြော 
မေ့ လျော့ 
ချည် အိ ပတ် တ မြား 
ခြေ ချ 
မိန်း မ ကြီး 
ဝမ်း ခိုင် 
ခြင် ညှပ် 
ပ ဒါး တိုင် 
တစ် ခေါင်း 
ပ ရိတ် မွှန်း 
လုပ် ဖော် လုပ် ဖက် 
တပ် တွင်း ပုံ ကန် မှု 
ချော မော 
သ ဇင် 
လမ်း လျှောက် 
ရစ် တန် ထိုး 
အ လဲ အ လှယ် 
အ တွင်း ဆောင် 
မ ဆူး မ ရဲ 
ကွေ ကွင်း 
ကာ မ ပိုင် 
သ ရုပ် သ ခံ 
လက် ဖျား ဆွဲ 
ဖိန်း နွှဲ ခါ 
ခ မျာ 
ဣန် ဒြေ ရှင် 
ယုတ် တိ 
သား ပျက် 
အ ကော် ဒီ ယံ 
နှ လုံး ပြူး 
စူး စူး ဝါး ဝါး 
လူ ပြော သူ ပြော 
က ထုပ် 
တွန့် ရှုံ့ 
အောက် တန်း စား 
ဝန် ဆောင် မှု 
တွဲ လောင်း 
ဝမ်း နူး စာ 
ငယ် သွား 
အ နံ့ အ သက် 
ဇာတ် သွင်း 
အိမ် မ 
အ ရှက် အ ကျောက် 
သ တင်း ကြီး 
ပင်း ကာ လီ 
သ ရေ 
ခိပ် ဒါ ဒ သ က 
မြန် လူ 
ချင်း စိမ်း 
တို စေ့ တို စေ့ 
တံ တွေး 
ကြောင် ဝင် 
စီ တော် 
အ ကြောင်း သိ 
အ မ အ စ 
အ တွင်း တာ ရာ 
ကျက် သ ရေ ဆောင် 
ဖာ လူ ဒါ 
ဘ တစ် ပြန် ကြား တစ် ပြန် 
နောက် ထိုင် 
ဖက် တွဲ 
တ မန်း နှိုး 
အ ပြီး အ ပြတ် 
မြစ် ကျိုး အင် 
သ စဉ် မင်း 
ပ က တူး 
ရော စွက် 
သ တက် 
စာ ရေး တံ 
ဖြတ် ထိုး ဉာဏ် 
မင် ဂ လာ ဦး 
ဘာ ရာ 
ငါး ရံ့ ခေါင်း တို 
ခ လုတ် 
သ ရေ 
ပြန် ပြောင်း 
လူ မ မာ 
ခါး ဆီး ပတ် တင် 
မြေ ပုံ သီး 
ချွန်း သီး 
ဆင် ကပ် 
ကျီး ကန်း တောင်း မှောက် 
ရေ ပါး စက် ကူ 
စ ရွေး တံ 
အ လျား ခုံ 
အ စ တုံး 
မ ကြာ မ တင် 
အ ချိန် မ ရွေး 
ဝမ်း ပျက် 
မျက် နှာ မွဲ 
စ နက် က ဇာတ် 
ဓမ် မ သေ နာ ပ တိ 
ပလ် လင် ဆေး မိုး 
ဝိ ဝါ ဟ မင် ဂ လာ 
သင့် ငွေ 
ရှမ်း ခြေ ခြေ 
ဝ ran: 
ဘုန်း ကြီး 
လက် စား ခြေ 
ပျော့ ပြောင်း 
ပန်း ပဲ 
အ သိ ပေး 
တစ် စိတ် တုံး 
မေ မြို့ ပန်း 
ပင် ပွား 
အ စုတ် အ ပြဲ 
ခံ တွင်း ကောင်း 
ပျော် တော် ဆက် 
ဝက် ကြိမ် 
ပိုက် ဆန် လျှော် 
ဖျား နာ 
အ ဆုံး သတ် 
နှ လုံး 
ပြောင်း အ ချင်း 
ရွှေ တို ငွေ စ 
ခု တင် က 
ဒ အောက် ခြိုက် 
သစ် တန် တွက် 
ထ မင်း ရည် ပူ စည်း 
အ တောင့် 
အား တိုင်း ရား တိုင်း 
ကိုယ့် ဘာ သာ 
အား ငယ် 
သန် ဘက် 
လ ပြည့် နေ့ 
အ ခြောက် အ ခြမ်း 
နား ချ 
ရွာ ရိုး 
အ သက် ဝင် 
သ မာ အာ ဇီ ဝ 
အင် တိုင်း 
သ မင် လည် ပြန် ကြည့် 
အ ချက် အ လက် 
ပါ မန် က နိဗ် 
မျောက် ထိုင် 
ရုံး ဂျိန်း 
စ ခန်း ထောင့် 
ပြွန် ထွက် 
ဟော့ ရမ်း 
အစ် နေ့ 
လူ မျိုး စု 
သစ် ထုတ် 
လေ ထ 
ဩ ဘာ 
ကုန်း ရုပ် 
ရ သ မင် ချည် နတ် 
အ တူ 
ပေါင် ပိုး ခု 
နှုတ် ပိတ် ခ 
ဥ ပ စာ 
ပ လွေ 
အ ရုဏ် တက် 
သစ် ချ 
မှောင် မဲ 
သု ဓာ ပုပ် 
တောင် ပူ ဆာ 
စိတ် နောက် 
အ ခြေ ရှင် 
စည်း ဝါး ကိုက် 
ကြိမ် ပစ် 
ပိ ဋ က 
အ ကော် ဆိုက် 
အ ကင်း ပါး 
ဂြိုဟ် တု 
အ လံ ပယ် 
တင် ပို့ 
ဝက် ခေါက် 
အိုင် ထွန်း 
ခေါင်း ပိတ် 
တာ ဝန် 
ဘာ တာ မင် 
သိ နောက် 
နန်း ကျ 
မိုက် မှား 
ပေ မြည့် 
ကြာ ခို 
မီး လည် 
ဝမ်း ကွဲ 
အ နာ အ ဆာ 
ဝင် ရိုး စွန်း 
ဝမ်း လျှော 
မ ကြား ဝံ့ မ နာ သာ 
တော် လှန် ရေး နေ့ 
ဆပ် ပြာ မွှေး 
ခွဲ စိတ် ကု ပ ညာ 
အူ ရောင် ငန်း ပြား 
က ရာ ဝါ သ 
ဗျာ က roun: ကြမ်း 
ဆေး စစ် 
ပြာ ဋိ ဟာ 
မောင်း ထောင်း 
ပ လူ တို နီ ယံ 
တူ ဝန် 
စစ် မှု ထမ်း ဟောင်း 
ဒါ ရိုက် တာ 
ညောင် စီး ကျ 
ပိန် နဲ ကွင်း 
ငါး ပိ တောင်း 
အ မှတ် ကြီး 
ပိုက် ချ 
ပြစ် ပြစ် နှစ် နှစ် 
စွဲ ကြိုး 
ပန် ထွေ ဖြော် 
ပုံ ထောင် 
ကျွဲ ကော 
မင်း ဘော 
ခြေ ခွင် ရိုက် 
အ ရည် ကြို သောက် 
ခြေ စုံ ပစ် ဝင် 
ဆေး လိုက် 
ငန်း တော် ကြား 
ကြောင် က လေး 
တိတ် ရီ ကော် ဒါ 
သင် ကြန် တက် 
စက် တိုင် 
အ နံ့ 
မီး ကြိုး 
ရင့် ညောင်း 
ဆန် လုံး တီး 
အ ဖြစ် ဆိုး 
အပ် မြှုပ် 
စင် ကြယ် 
အ သက် သွေး ကြော 
ကွက် က ရာ 
သ ရီ ရ ဓာတ် တော် 
အ နား ပေး 
ရှား ပါး စ ရိတ် 
လေ သံ ပစ် 
သေ တ ပန် သက် တစ် ဆုံး 
ခက် ဌာန် 
ဩ ဝါ ဒ ခံ 
ကပ် လှူ 
စွမ်း ပေ 
အ ကြံ မြောက် 
အ ကမ်း 
မောင်း မ လည် 
စ ကား ဝိုင်း ဖွဲ့ 
ကိုး သား 
ပ ထ ဝီ ဓာတ် 
ပန် နက် သည်း 
ရ ခိုင် 
လှည့် ခင်း 
နို့ လိမ် 
အ တွေး 
ငါး မှန် ကန် သိုက် 
စိတ် စော 
သား ခွဲ 
စား ပွဲ 
လက် သင့် 
အ မြင် မှန် ရ 
နာ ယူ 
ဒုလ် လ ဘ တ ရား 
ngwa: ngwa: စွင့် စွင့် 
နှစ် ဆန်း တ ရက် 
န ဝင်း ကျေ 
သင်း ကျစ် 
ခြေ ပွတ် တိုင် လည် 
အ မှု ဆောင် 
ကန် တိ 
ငါ စား 
မျက် လွှာ ချ 
မှတ် မိ 
အာ ဂ တွင်း 
အ သည်း နှ လုံး 
နာ မည် 
ခ ရီး ကြုံ 
ဖ ရုံ ကား 
မီး ပြင်း တိုက် 
သီ ခ လောက် 
ဗ လောင် ဆူ 
ဖွဲ့ ဖွဲ့ နွဲ့ နွဲ့ 
ပုံ တော် ဖိ နပ် 
သီ ကုန်း 
အ ခေါက် ရွှေ 
ဥ ဒါန်း 
တန် ရာ 
လက် လီ 
မျက် မှန်း တန်း 
ကုတ် ကျစ် 
ဘီ ဧ ပေါင်း 
သ ကြား မုန် လာ 
အ ခု န 
အောင် ပွဲ ရ 
မ ကင်း ရာ မ ကင်း ကြောင်း 
တ လင်း ချေး ခါ 
အ မွမ်း အ မံ 
သီ ဟ ရာ ဇာ 
နား ကြား ပြင်း ကတ် 
နှုတ် ဖြေ စာ မေး ပွဲ 
လေ အောက် 
ကာ ယ ကံ မြောက် 
ပေး ရန် 
ပါး လျား 
ပေါက် က ရ 
ဗျပ် ပြည့် 
ကိုယ် ဝန် ဖျက် 
ပူ လီ 
က တော့ 
ဘုတ် အ ဖွဲ့ 
တုံး ဝေး 
ထိမ် ချန် 
မ ရို မ သေ 
ဆေး ရေး ပန်း ချီ 
တောက် တဲ့ ကတ် ကတ် 
နေ့ ချင်း ပြန် 
ဆန်း သစ် 
မြှေး ယှက် 
နား အေး 
မျက် နှာ စိမ်း 
ဆင် ရှင် 
ပုဏ် ဏား ရိပ် 
အား လျော် စွာ 
ငါး ပုတ် သင် 
အင် ဂါ ရပ် 
ခ လုတ် တိုက် 
ဆား ချင်း 
သောင် တင် 
mjein. mjein. 
ဝတ် စား 
အ ချိတ် 
သက် ဝင် 
ရင် နာ 
အ နည်း 
အ စို့ ထိုး 
မော် ကွန်း တိုက် 
အ ဖျင်း 
တပ် နယ် 
လူ ပြည် 
အ ထစ် 
ကုန်း လမ်း 
အ ထက် အောက် 
သို့ တီး မ ဟုတ် 
ကုန် လုပ် ဆက် ဆံ ရေး 
စစ် ကဲ 
နို့ ပုံ 
ရှူ ရှိုက် 
ပ လက် ဖောင်း 
ပုံ တူ ကူး 
အို စာ 
ပါ လ 
လူ ကြမ်း 
အ ထစ် 
သွေး လှူ ပန် 
အ ဆို အ မိန့် 
ယူ ပါ ရုံ 
ဖြောင့် ချက် 
န ဖာ ကြီး 
အ နက် ဖော် 
ကံ ကြီး ကန် ငယ် 
နှီး ဝါး လောင်း 
ပြ ဿ 
င ရုတ် ကျည် ပွေ့ 
မက် မွန် 
ကုန် စည် 
အာ ပေါင် 
သာ မို မီ တာ 
အ ဝယ် လိုက် 
လေး ကြိုး ကြီး 
ရိပ် ရိပ် ရိပ် ရိပ် 
ရ ခေါင်း စေ 
တစ် ဆစ် သ ခွား 
ထွန် တုံး 
ကာ မ ဝါ သီ 
ကြား ပေါက် 
ဆီး ဂြိုဟ် 
နိစ် စ သီ လ 
မိုး သောက် ကျယ် 
ဘာ ဘာ ညာ ညာ 
ဓာတ် စည်း ပတ် လမ်း 
လ လည် ရုံ စ တုံး 
ဝတ် ကောင်း စ လှ 
ပ ညတ် တော် 
အ ညွန့် 
ဆယ့် နှစ် ကြိုး 
ဝိ သာ ခါ 
အ ဖက် 
ငါး ကြီး အန် ဖတ် 
ဗ ဟက် 
အင် ဂါ ထောင့် 
သ ကြောင် တိုက် 
ကုန် ကြော 
ချင့် တွေး 
ဗျူ ဟာ ခင်း 
ရွှေ ဖ လား ရောင် 
စွယ် တော် 
မြင့် မြဲ 
ဘာ ရာ န သီ ချဲ့ 
တက် ကြွ 
က ဝိ 
ပါး နပ် 
တင် ကြီး 
လှိုင်း စည်း 
တဲ ထိုး 
ကွန် ဖ rin. 
ဗ ဖု ဆ ရာ 
ကျေး ကု လား 
မေ့ မှား 
သံ ပုန်း 
လုပ် ငန်း စင် 
သ မင် မ 
သ ရေ နွယ် 
ဇီ ဝိန် ကြွေ 
စံ တ ရား 
စွာ လောင် စွာ လောင် 
ကော့ လပ် ကော့ လပ် သွား 
သောက် ရောင် 
ဓာတ် ဆင် 
မ အိတ် မ နေ 
အ ချို ပွဲ 
ဥ ပါ 
ဖွား ဘက် 
သွေး အေး 
နေ့ သင့် နံ သင့် 
ပေါက် စီ 
ပ ကိန်း 
ဆိုင် ရာ 
အ ခါ မီ 
တစ် သွင် သွင် 
ယ တိ 
သိ မီ 
ခြေ ကုန် လက် ပန်း ကျ 
ချုပ် ရိုး 
မင်း လျာ 
ပြည့် လျှံ 
ရ ဿ နှစ် 
အ ခြေ မ လှ 
ဇာတ် ဆောင် 
စ ရ တု 
ပုံ မ ဟုတ် ပတ် မ ဟုတ် 
ငယ် ဖြူ 
သိန် သ မုတ် 
အ နုတ် အ သိမ်း 
ပုဂ် ဂ 
မျက် ရှု 
စပ် စု 
ပိတ် စွယ် 
လယ် ခံ 
လယ် တိုင် 
ဝမ်း မှန် 
နှာ ကိုယ့် တ စေ 
ပု စွန် စာ 
ဂ ဟေ 
နောက် ခံ ကား 
တစ် ဖြစ် လဲ 
ဇာတ် နာ 
သီး ခံ 
ဓမ် မ ဘဏ် ဍာ ကာ ရီ က 
ပ လီ 
နိစ် စ ပါတ် ဆွမ်း 
ဖောင်း ကြွ 
