2026-06-19 05:29:33 | INFO     | train | Experiment: exp_stgcn  Model: stgcn
2026-06-19 05:29:33 | INFO     | train | Classes: 541
2026-06-19 05:29:33 | INFO     | train | Using all-class manifest: train=10602, val=558, test=558

[DataLoaders]
  Train: 10602 samples, 331 batches
  Val:   558   samples, 18 batches
  Test:  558  samples, 18 batches

2026-06-19 05:29:35 | INFO     | train | Model: stgcn  Params: 2,776,288
wandb: [wandb.login()] Loaded credentials for https://api.wandb.ai from /home/lawun330/.netrc.
wandb: Currently logged in as: lawun330 (lawun330-) to https://api.wandb.ai. Use `wandb login --relogin` to force relogin
wandb: setting up run yhk0zwfp
wandb: Tracking run with wandb version 0.27.2
wandb: Run data is saved locally in /home/lawun330/Desktop/myanmar-sign-language-recognition/wandb/run-20260619_052941-yhk0zwfp
wandb: Run `wandb offline` to turn off syncing.
wandb: Syncing run exp_stgcn
wandb: ⭐️ View project at https://wandb.ai/lawun330-/msl-recognition
wandb: 🚀 View run at https://wandb.ai/lawun330-/msl-recognition/runs/yhk0zwfp
2026-06-19 05:29:43 | INFO     | train | Weights & Biases logging enabled
2026-06-19 05:29:43 | INFO     | train | Starting training…
2026-06-19 05:43:02 | INFO     | train | Epoch   1/150 | train loss=6.8825 top1=0.19% | val loss=6.4629 top1=0.17% top5=1.74% | lr=5.45e-05 | 799s
2026-06-19 05:43:02 | INFO     | train |   ★ New best val top-1: 0.17%
2026-06-19 05:57:00 | INFO     | train | Epoch   2/150 | train loss=6.3928 top1=0.40% | val loss=6.1580 top1=1.56% top5=4.39% | lr=1.04e-04 | 838s
2026-06-19 05:57:00 | INFO     | train |   ★ New best val top-1: 1.56%
2026-06-19 06:11:00 | INFO     | train | Epoch   3/150 | train loss=6.1172 top1=1.03% | val loss=5.7810 top1=3.12% top5=10.86% | lr=1.53e-04 | 841s
2026-06-19 06:11:01 | INFO     | train |   ★ New best val top-1: 3.12%
2026-06-19 06:24:57 | INFO     | train | Epoch   4/150 | train loss=5.7564 top1=2.13% | val loss=5.1648 top1=11.21% top5=25.25% | lr=2.03e-04 | 836s
2026-06-19 06:24:57 | INFO     | train |   ★ New best val top-1: 11.21%
2026-06-19 06:38:42 | INFO     | train | Epoch   5/150 | train loss=5.3135 top1=4.81% | val loss=4.7687 top1=13.42% top5=34.40% | lr=2.53e-04 | 825s
2026-06-19 06:38:43 | INFO     | train |   ★ New best val top-1: 13.42%
2026-06-19 06:52:23 | INFO     | train | Epoch   6/150 | train loss=4.8216 top1=10.27% | val loss=4.1750 top1=23.34% top5=50.64% | lr=3.02e-04 | 821s
2026-06-19 06:52:23 | INFO     | train |   ★ New best val top-1: 23.34%
2026-06-19 07:06:05 | INFO     | train | Epoch   7/150 | train loss=4.3196 top1=17.86% | val loss=3.6490 top1=45.49% top5=73.29% | lr=3.52e-04 | 821s
2026-06-19 07:06:05 | INFO     | train |   ★ New best val top-1: 45.49%
2026-06-19 07:19:49 | INFO     | train | Epoch   8/150 | train loss=3.8064 top1=29.15% | val loss=3.1866 top1=56.47% top5=80.88% | lr=4.01e-04 | 824s
2026-06-19 07:19:49 | INFO     | train |   ★ New best val top-1: 56.47%
2026-06-19 07:33:33 | INFO     | train | Epoch   9/150 | train loss=3.3282 top1=42.62% | val loss=2.7072 top1=68.13% top5=87.67% | lr=4.51e-04 | 824s
2026-06-19 07:33:33 | INFO     | train |   ★ New best val top-1: 68.13%
2026-06-19 07:47:16 | INFO     | train | Epoch  10/150 | train loss=2.9158 top1=54.84% | val loss=2.2832 top1=78.65% top5=92.53% | lr=5.00e-04 | 822s
2026-06-19 07:47:16 | INFO     | train |   ★ New best val top-1: 78.65%
2026-06-19 08:00:54 | INFO     | train | Epoch  11/150 | train loss=2.5843 top1=65.31% | val loss=2.1620 top1=81.37% top5=92.36% | lr=5.00e-04 | 818s
2026-06-19 08:00:54 | INFO     | train |   ★ New best val top-1: 81.37%
2026-06-19 08:14:27 | INFO     | train | Epoch  12/150 | train loss=2.3120 top1=74.12% | val loss=2.0202 top1=83.75% top5=93.92% | lr=5.00e-04 | 813s
2026-06-19 08:14:27 | INFO     | train |   ★ New best val top-1: 83.75%
2026-06-19 08:28:00 | INFO     | train | Epoch  13/150 | train loss=2.1358 top1=79.37% | val loss=1.8544 top1=88.19% top5=95.14% | lr=5.00e-04 | 813s
2026-06-19 08:28:00 | INFO     | train |   ★ New best val top-1: 88.19%
2026-06-19 08:41:38 | INFO     | train | Epoch  14/150 | train loss=2.0139 top1=82.64% | val loss=1.8337 top1=88.02% top5=94.44% | lr=4.99e-04 | 817s
2026-06-19 08:55:08 | INFO     | train | Epoch  15/150 | train loss=1.9164 top1=85.29% | val loss=1.7922 top1=87.50% top5=95.31% | lr=4.99e-04 | 811s
2026-06-19 09:08:42 | INFO     | train | Epoch  16/150 | train loss=1.8332 top1=87.35% | val loss=1.7026 top1=89.58% top5=94.79% | lr=4.98e-04 | 813s
2026-06-19 09:08:42 | INFO     | train |   ★ New best val top-1: 89.58%
2026-06-19 09:22:18 | INFO     | train | Epoch  17/150 | train loss=1.7759 top1=88.34% | val loss=1.6823 top1=89.58% top5=95.31% | lr=4.97e-04 | 816s
2026-06-19 09:35:47 | INFO     | train | Epoch  18/150 | train loss=1.7235 top1=89.97% | val loss=1.7101 top1=88.72% top5=95.66% | lr=4.97e-04 | 809s
2026-06-19 09:49:20 | INFO     | train | Epoch  19/150 | train loss=1.6813 top1=90.69% | val loss=1.6606 top1=90.28% top5=96.01% | lr=4.96e-04 | 813s
2026-06-19 09:49:20 | INFO     | train |   ★ New best val top-1: 90.28%
2026-06-19 10:02:54 | INFO     | train | Epoch  20/150 | train loss=1.6390 top1=91.50% | val loss=1.6614 top1=90.28% top5=94.10% | lr=4.95e-04 | 814s
2026-06-19 10:16:25 | INFO     | train | Epoch  21/150 | train loss=1.6092 top1=91.86% | val loss=1.6199 top1=90.62% top5=95.83% | lr=4.93e-04 | 811s
2026-06-19 10:16:25 | INFO     | train |   ★ New best val top-1: 90.62%
2026-06-19 10:29:58 | INFO     | train | Epoch  22/150 | train loss=1.5763 top1=92.65% | val loss=1.5766 top1=90.97% top5=95.83% | lr=4.92e-04 | 813s
2026-06-19 10:29:58 | INFO     | train |   ★ New best val top-1: 90.97%
2026-06-19 10:43:34 | INFO     | train | Epoch  23/150 | train loss=1.5509 top1=93.37% | val loss=1.5651 top1=91.49% top5=95.66% | lr=4.91e-04 | 816s
2026-06-19 10:43:34 | INFO     | train |   ★ New best val top-1: 91.49%
2026-06-19 10:57:09 | INFO     | train | Epoch  24/150 | train loss=1.5227 top1=93.59% | val loss=1.5829 top1=91.49% top5=96.18% | lr=4.89e-04 | 815s
2026-06-19 11:10:45 | INFO     | train | Epoch  25/150 | train loss=1.5011 top1=94.04% | val loss=1.5108 top1=91.49% top5=95.49% | lr=4.88e-04 | 817s
2026-06-19 11:24:19 | INFO     | train | Epoch  26/150 | train loss=1.4825 top1=94.39% | val loss=1.5515 top1=91.84% top5=95.83% | lr=4.86e-04 | 813s
2026-06-19 11:24:19 | INFO     | train |   ★ New best val top-1: 91.84%
2026-06-19 11:37:51 | INFO     | train | Epoch  27/150 | train loss=1.4618 top1=94.76% | val loss=1.5119 top1=92.36% top5=96.01% | lr=4.84e-04 | 813s
2026-06-19 11:37:52 | INFO     | train |   ★ New best val top-1: 92.36%
2026-06-19 11:51:29 | INFO     | train | Epoch  28/150 | train loss=1.4435 top1=95.08% | val loss=1.5473 top1=91.49% top5=96.35% | lr=4.83e-04 | 817s
2026-06-19 12:05:04 | INFO     | train | Epoch  29/150 | train loss=1.4219 top1=95.47% | val loss=1.5023 top1=92.19% top5=95.83% | lr=4.81e-04 | 815s
2026-06-19 12:18:42 | INFO     | train | Epoch  30/150 | train loss=1.4153 top1=95.46% | val loss=1.5045 top1=91.84% top5=95.49% | lr=4.79e-04 | 818s
2026-06-19 12:32:22 | INFO     | train | Epoch  31/150 | train loss=1.4002 top1=95.53% | val loss=1.5460 top1=91.49% top5=95.66% | lr=4.76e-04 | 821s
2026-06-19 12:46:07 | INFO     | train | Epoch  32/150 | train loss=1.3881 top1=95.78% | val loss=1.4932 top1=92.36% top5=96.53% | lr=4.74e-04 | 825s
2026-06-19 12:59:45 | INFO     | train | Epoch  33/150 | train loss=1.3699 top1=96.06% | val loss=1.4751 top1=92.01% top5=96.18% | lr=4.72e-04 | 818s
2026-06-19 13:13:33 | INFO     | train | Epoch  34/150 | train loss=1.3629 top1=96.17% | val loss=1.4644 top1=93.06% top5=95.83% | lr=4.69e-04 | 828s
2026-06-19 13:13:33 | INFO     | train |   ★ New best val top-1: 93.06%
2026-06-19 13:27:42 | INFO     | train | Epoch  35/150 | train loss=1.3544 top1=96.37% | val loss=1.4597 top1=92.88% top5=96.70% | lr=4.67e-04 | 848s
2026-06-19 13:41:52 | INFO     | train | Epoch  36/150 | train loss=1.3393 top1=96.68% | val loss=1.4579 top1=92.71% top5=95.83% | lr=4.64e-04 | 851s
2026-06-19 13:55:55 | INFO     | train | Epoch  37/150 | train loss=1.3382 top1=96.59% | val loss=1.4775 top1=92.19% top5=96.53% | lr=4.61e-04 | 843s
2026-06-19 14:10:00 | INFO     | train | Epoch  38/150 | train loss=1.3232 top1=96.72% | val loss=1.4960 top1=93.58% top5=95.83% | lr=4.59e-04 | 845s
2026-06-19 14:10:00 | INFO     | train |   ★ New best val top-1: 93.58%
2026-06-19 14:24:14 | INFO     | train | Epoch  39/150 | train loss=1.3149 top1=97.00% | val loss=1.4486 top1=93.06% top5=96.35% | lr=4.56e-04 | 854s
2026-06-19 14:38:30 | INFO     | train | Epoch  40/150 | train loss=1.3037 top1=97.10% | val loss=1.4658 top1=93.06% top5=95.66% | lr=4.53e-04 | 856s
2026-06-19 14:52:31 | INFO     | train | Epoch  41/150 | train loss=1.2917 top1=97.61% | val loss=1.4435 top1=93.06% top5=96.18% | lr=4.50e-04 | 841s
2026-06-19 15:06:39 | INFO     | train | Epoch  42/150 | train loss=1.2877 top1=97.39% | val loss=1.4451 top1=93.06% top5=96.18% | lr=4.46e-04 | 848s
2026-06-19 15:20:46 | INFO     | train | Epoch  43/150 | train loss=1.2853 top1=97.49% | val loss=1.4808 top1=92.88% top5=95.83% | lr=4.43e-04 | 847s
2026-06-19 15:34:48 | INFO     | train | Epoch  44/150 | train loss=1.2781 top1=97.55% | val loss=1.4449 top1=92.88% top5=96.35% | lr=4.40e-04 | 842s
2026-06-19 15:48:53 | INFO     | train | Epoch  45/150 | train loss=1.2642 top1=97.62% | val loss=1.4265 top1=92.88% top5=95.83% | lr=4.36e-04 | 845s
2026-06-19 16:02:56 | INFO     | train | Epoch  46/150 | train loss=1.2619 top1=97.92% | val loss=1.4403 top1=93.06% top5=96.01% | lr=4.33e-04 | 843s
2026-06-19 16:16:52 | INFO     | train | Epoch  47/150 | train loss=1.2555 top1=97.97% | val loss=1.4258 top1=93.23% top5=96.53% | lr=4.29e-04 | 836s
2026-06-19 16:30:49 | INFO     | train | Epoch  48/150 | train loss=1.2541 top1=97.95% | val loss=1.4415 top1=93.06% top5=96.35% | lr=4.26e-04 | 837s
2026-06-19 16:44:48 | INFO     | train | Epoch  49/150 | train loss=1.2454 top1=97.98% | val loss=1.4283 top1=92.88% top5=96.53% | lr=4.22e-04 | 839s
2026-06-19 17:15:18 | INFO     | train | Epoch  50/150 | train loss=1.2398 top1=98.18% | val loss=1.4174 top1=93.75% top5=96.70% | lr=4.18e-04 | 1829s
2026-06-19 17:15:18 | INFO     | train |   ★ New best val top-1: 93.75%
2026-06-19 19:42:50 | INFO     | train | Epoch  51/150 | train loss=1.2310 top1=98.36% | val loss=1.4153 top1=92.88% top5=96.70% | lr=4.14e-04 | 8852s
2026-06-19 21:11:18 | INFO     | train | Epoch  52/150 | train loss=1.2265 top1=98.32% | val loss=1.4133 top1=92.88% top5=96.53% | lr=4.10e-04 | 5309s
2026-06-19 21:42:12 | INFO     | train | Epoch  53/150 | train loss=1.2273 top1=98.31% | val loss=1.4113 top1=93.92% top5=96.53% | lr=4.06e-04 | 1854s
2026-06-19 21:42:12 | INFO     | train |   ★ New best val top-1: 93.92%
2026-06-19 22:02:37 | INFO     | train | Epoch  54/150 | train loss=1.2176 top1=98.55% | val loss=1.4125 top1=93.06% top5=96.53% | lr=4.02e-04 | 1224s
2026-06-19 22:22:21 | INFO     | train | Epoch  55/150 | train loss=1.2129 top1=98.64% | val loss=1.3929 top1=93.58% top5=96.18% | lr=3.98e-04 | 1184s
2026-06-19 22:41:56 | INFO     | train | Epoch  56/150 | train loss=1.2129 top1=98.55% | val loss=1.4077 top1=93.23% top5=96.53% | lr=3.94e-04 | 1175s
2026-06-19 23:01:08 | INFO     | train | Epoch  57/150 | train loss=1.2058 top1=98.68% | val loss=1.4189 top1=92.88% top5=95.83% | lr=3.89e-04 | 1152s
2026-06-19 23:20:11 | INFO     | train | Epoch  58/150 | train loss=1.2026 top1=98.82% | val loss=1.4074 top1=92.88% top5=96.35% | lr=3.85e-04 | 1142s
2026-06-19 23:38:20 | INFO     | train | Epoch  59/150 | train loss=1.1978 top1=98.71% | val loss=1.4081 top1=93.75% top5=96.70% | lr=3.81e-04 | 1089s
2026-06-19 23:56:39 | INFO     | train | Epoch  60/150 | train loss=1.1979 top1=98.77% | val loss=1.3882 top1=94.27% top5=96.88% | lr=3.76e-04 | 1098s
2026-06-19 23:56:39 | INFO     | train |   ★ New best val top-1: 94.27%
2026-06-20 00:15:13 | INFO     | train | Epoch  61/150 | train loss=1.1892 top1=98.97% | val loss=1.4069 top1=93.23% top5=96.53% | lr=3.72e-04 | 1114s
2026-06-20 00:33:25 | INFO     | train | Epoch  62/150 | train loss=1.1884 top1=98.83% | val loss=1.4164 top1=92.71% top5=95.83% | lr=3.67e-04 | 1092s
2026-06-20 00:50:32 | INFO     | train | Epoch  63/150 | train loss=1.1849 top1=98.95% | val loss=1.4020 top1=94.10% top5=96.53% | lr=3.63e-04 | 1027s
2026-06-20 01:07:15 | INFO     | train | Epoch  64/150 | train loss=1.1797 top1=99.02% | val loss=1.3948 top1=93.92% top5=96.18% | lr=3.58e-04 | 1003s
2026-06-20 01:23:27 | INFO     | train | Epoch  65/150 | train loss=1.1775 top1=99.10% | val loss=1.3831 top1=94.10% top5=96.35% | lr=3.53e-04 | 972s
2026-06-20 01:39:54 | INFO     | train | Epoch  66/150 | train loss=1.1763 top1=99.12% | val loss=1.3945 top1=93.23% top5=96.70% | lr=3.48e-04 | 987s
2026-06-20 01:56:53 | INFO     | train | Epoch  67/150 | train loss=1.1712 top1=99.22% | val loss=1.3869 top1=93.06% top5=96.35% | lr=3.44e-04 | 1019s
2026-06-20 02:13:56 | INFO     | train | Epoch  68/150 | train loss=1.1676 top1=99.33% | val loss=1.4049 top1=93.58% top5=96.18% | lr=3.39e-04 | 1022s
2026-06-20 02:31:23 | INFO     | train | Epoch  69/150 | train loss=1.1665 top1=99.08% | val loss=1.4081 top1=93.06% top5=96.53% | lr=3.34e-04 | 1048s
2026-06-20 02:48:37 | INFO     | train | Epoch  70/150 | train loss=1.1631 top1=99.33% | val loss=1.3974 top1=92.88% top5=96.18% | lr=3.29e-04 | 1034s
2026-06-20 03:05:42 | INFO     | train | Epoch  71/150 | train loss=1.1584 top1=99.45% | val loss=1.4041 top1=93.75% top5=95.83% | lr=3.24e-04 | 1024s
2026-06-20 03:22:42 | INFO     | train | Epoch  72/150 | train loss=1.1601 top1=99.28% | val loss=1.3864 top1=94.10% top5=96.35% | lr=3.19e-04 | 1020s
2026-06-20 03:39:52 | INFO     | train | Epoch  73/150 | train loss=1.1600 top1=99.37% | val loss=1.3978 top1=93.75% top5=96.35% | lr=3.14e-04 | 1031s
2026-06-20 03:57:10 | INFO     | train | Epoch  74/150 | train loss=1.1537 top1=99.41% | val loss=1.4059 top1=93.06% top5=96.70% | lr=3.09e-04 | 1037s
2026-06-20 04:14:24 | INFO     | train | Epoch  75/150 | train loss=1.1529 top1=99.43% | val loss=1.4142 top1=92.88% top5=96.18% | lr=3.04e-04 | 1034s
2026-06-20 04:30:56 | INFO     | train | Epoch  76/150 | train loss=1.1471 top1=99.48% | val loss=1.3748 top1=93.40% top5=96.35% | lr=2.99e-04 | 992s
2026-06-20 04:47:17 | INFO     | train | Epoch  77/150 | train loss=1.1420 top1=99.58% | val loss=1.3939 top1=93.75% top5=96.53% | lr=2.94e-04 | 981s
2026-06-20 05:03:55 | INFO     | train | Epoch  78/150 | train loss=1.1407 top1=99.54% | val loss=1.4096 top1=93.06% top5=96.35% | lr=2.89e-04 | 998s
2026-06-20 05:21:23 | INFO     | train | Epoch  79/150 | train loss=1.1397 top1=99.55% | val loss=1.3766 top1=93.40% top5=96.18% | lr=2.84e-04 | 1049s
2026-06-20 05:37:52 | INFO     | train | Epoch  80/150 | train loss=1.1391 top1=99.58% | val loss=1.3721 top1=93.75% top5=96.53% | lr=2.78e-04 | 988s
2026-06-20 05:54:30 | INFO     | train | Epoch  81/150 | train loss=1.1346 top1=99.55% | val loss=1.3885 top1=93.40% top5=96.01% | lr=2.73e-04 | 998s
2026-06-20 06:11:20 | INFO     | train | Epoch  82/150 | train loss=1.1356 top1=99.61% | val loss=1.4116 top1=93.06% top5=96.01% | lr=2.68e-04 | 1010s
2026-06-20 06:27:56 | INFO     | train | Epoch  83/150 | train loss=1.1358 top1=99.65% | val loss=1.3918 top1=93.75% top5=95.66% | lr=2.63e-04 | 996s
2026-06-20 06:44:20 | INFO     | train | Epoch  84/150 | train loss=1.1315 top1=99.59% | val loss=1.3809 top1=93.58% top5=96.18% | lr=2.58e-04 | 984s
2026-06-20 07:00:34 | INFO     | train | Epoch  85/150 | train loss=1.1298 top1=99.68% | val loss=1.3717 top1=93.75% top5=96.35% | lr=2.52e-04 | 974s
2026-06-20 07:00:35 | INFO     | train | Early stopping at epoch 85 (patience=25)
wandb: updating run metadata
wandb: uploading output.log; uploading wandb-summary.json; uploading config.yaml
wandb: uploading history steps 83-84, summary, console lines 111-112
wandb: 
wandb: Run history:
wandb: Acc/train_top1 ▁▂▂▄▆▇▇▇████████████████████████████████
wandb:   Acc/val_top1 ▁▂▃▄▅▇▇█████████████████████████████████
wandb:   Acc/val_top5 ▁▃▅▆▇███████████████████████████████████
wandb:             LR ▁▄▅▇█████████████▇▇▇▇▇▇▇▇▆▆▆▆▆▅▅▅▅▅▅▅▄▄▄
wandb:     Loss/train █▇▇▇▅▄▄▃▂▂▂▂▂▁▁▁▁▁▁▁▁▁▁▁▁▁▁▁▁▁▁▁▁▁▁▁▁▁▁▁
wandb:       Loss/val ██▇▆▆▃▂▂▂▂▁▁▁▁▁▁▁▁▁▁▁▁▁▁▁▁▁▁▁▁▁▁▁▁▁▁▁▁▁▁
wandb:   epoch_time_s ▁▁▁▁▁▁▁▁▁▁▁▁▁▁▁▁▁▁▁▁▁▁▁▂█▂▁▁▁▁▁▁▁▁▁▁▁▁▁▁
wandb: 
wandb: Run summary:
wandb: Acc/train_top1 99.679
wandb:   Acc/val_top1 93.75
wandb:   Acc/val_top5 96.35417
wandb:             LR 0.00025
wandb:     Loss/train 1.1298
wandb:       Loss/val 1.37168
wandb:  best_val_top1 94.27083
wandb:   epoch_time_s 974.15074
wandb: 
wandb: 🚀 View run exp_stgcn at: https://wandb.ai/lawun330-/msl-recognition/runs/yhk0zwfp
wandb: ⭐️ View project at: https://wandb.ai/lawun330-/msl-recognition
wandb: Synced 5 W&B file(s), 0 media file(s), 0 artifact file(s) and 0 other file(s)
wandb: Find logs at: ./wandb/run-20260619_052941-yhk0zwfp/logs
2026-06-20 07:00:37 | INFO     | train | Training complete. Best val top-1: 94.27%
2026-06-20 07:00:37 | INFO     | train | Best checkpoint: results/exp_stgcn/checkpoints/best.pth
