Using SCRIPTS_ROOTDIR: /workspace/tools/mosesdecoder/scripts
Using multi-thread GIZA
using gzip 
(1) preparing corpus @ Tue Jun 16 18:07:35 UTC 2026
Executing: mkdir -p /workspace/exp/my-ph/model/corpus
(1.0) selecting factors @ Tue Jun 16 18:07:35 UTC 2026
(1.1) running mkcls  @ Tue Jun 16 18:07:35 UTC 2026
/workspace/tools/training-tools/mkcls -c50 -n2 -p/workspace/exp/clean-data/clean-train.my -V/workspace/exp/my-ph/model/corpus/my.vcb.classes opt
Executing: /workspace/tools/training-tools/mkcls -c50 -n2 -p/workspace/exp/clean-data/clean-train.my -V/workspace/exp/my-ph/model/corpus/my.vcb.classes opt

***** 2 runs. (algorithm:TA)*****
;KategProblem:cats: 50   words: 2280

start-costs: MEAN: 856440 (856432-856448)  SIGMA:8.36834   
  end-costs: MEAN: 831654 (831630-831678)  SIGMA:23.9088   
   start-pp: MEAN: 200.281 (200.259-200.302)  SIGMA:0.0216719   
     end-pp: MEAN: 145.361 (145.316-145.406)  SIGMA:0.044939   
 iterations: MEAN: 56802 (55769-57835)  SIGMA:1033   
       time: MEAN: 0.577014 (0.572342-0.581687)  SIGMA:0.0046725   
(1.1) running mkcls  @ Tue Jun 16 18:07:36 UTC 2026
/workspace/tools/training-tools/mkcls -c50 -n2 -p/workspace/exp/clean-data/clean-train.ph -V/workspace/exp/my-ph/model/corpus/ph.vcb.classes opt
Executing: /workspace/tools/training-tools/mkcls -c50 -n2 -p/workspace/exp/clean-data/clean-train.ph -V/workspace/exp/my-ph/model/corpus/ph.vcb.classes opt

***** 2 runs. (algorithm:TA)*****
;KategProblem:cats: 50   words: 1834

start-costs: MEAN: 857136 (857128-857145)  SIGMA:8.37319   
  end-costs: MEAN: 832260 (832184-832336)  SIGMA:75.8969   
   start-pp: MEAN: 197.388 (197.367-197.41)  SIGMA:0.0213685   
     end-pp: MEAN: 143.101 (142.961-143.242)  SIGMA:0.14042   
 iterations: MEAN: 45167.5 (45052-45283)  SIGMA:115.5   
       time: MEAN: 0.560511 (0.553207-0.567815)  SIGMA:0.007304   
(1.2) creating vcb file /workspace/exp/my-ph/model/corpus/my.vcb @ Tue Jun 16 18:07:38 UTC 2026
(1.2) creating vcb file /workspace/exp/my-ph/model/corpus/ph.vcb @ Tue Jun 16 18:07:38 UTC 2026
(1.3) numberizing corpus /workspace/exp/my-ph/model/corpus/my-ph-int-train.snt @ Tue Jun 16 18:07:38 UTC 2026
(1.3) numberizing corpus /workspace/exp/my-ph/model/corpus/ph-my-int-train.snt @ Tue Jun 16 18:07:38 UTC 2026
(2) running giza @ Tue Jun 16 18:07:38 UTC 2026
(2.1a) running snt2cooc my-ph @ Tue Jun 16 18:07:38 UTC 2026

Executing: mkdir -p /workspace/exp/my-ph/model/giza.my-ph
Executing: /workspace/tools/training-tools/snt2cooc /workspace/exp/my-ph/model/giza.my-ph/my-ph.cooc /workspace/exp/my-ph/model/corpus/ph.vcb /workspace/exp/my-ph/model/corpus/my.vcb /workspace/exp/my-ph/model/corpus/my-ph-int-train.snt
/workspace/tools/training-tools/snt2cooc /workspace/exp/my-ph/model/giza.my-ph/my-ph.cooc /workspace/exp/my-ph/model/corpus/ph.vcb /workspace/exp/my-ph/model/corpus/my.vcb /workspace/exp/my-ph/model/corpus/my-ph-int-train.snt
line 1000
line 2000
line 3000
line 4000
line 5000
line 6000
line 7000
line 8000
line 9000
line 10000
line 11000
line 12000
line 13000
line 14000
line 15000
line 16000
line 17000
line 18000
line 19000
line 20000
END.
(2.1b) running giza my-ph @ Tue Jun 16 18:07:38 UTC 2026
/workspace/tools/training-tools/mgiza  -CoocurrenceFile /workspace/exp/my-ph/model/giza.my-ph/my-ph.cooc -c /workspace/exp/my-ph/model/corpus/my-ph-int-train.snt -m1 5 -m2 0 -m3 3 -m4 3 -model1dumpfrequency 1 -model4smoothfactor 0.4 -ncpus 4 -nodumps 1 -nsmooth 4 -o /workspace/exp/my-ph/model/giza.my-ph/my-ph -onlyaldumps 1 -p0 0.999 -s /workspace/exp/my-ph/model/corpus/ph.vcb -t /workspace/exp/my-ph/model/corpus/my.vcb
Executing: /workspace/tools/training-tools/mgiza  -CoocurrenceFile /workspace/exp/my-ph/model/giza.my-ph/my-ph.cooc -c /workspace/exp/my-ph/model/corpus/my-ph-int-train.snt -m1 5 -m2 0 -m3 3 -m4 3 -model1dumpfrequency 1 -model4smoothfactor 0.4 -ncpus 4 -nodumps 1 -nsmooth 4 -o /workspace/exp/my-ph/model/giza.my-ph/my-ph -onlyaldumps 1 -p0 0.999 -s /workspace/exp/my-ph/model/corpus/ph.vcb -t /workspace/exp/my-ph/model/corpus/my.vcb
/workspace/tools/training-tools/mgiza  -CoocurrenceFile /workspace/exp/my-ph/model/giza.my-ph/my-ph.cooc -c /workspace/exp/my-ph/model/corpus/my-ph-int-train.snt -m1 5 -m2 0 -m3 3 -m4 3 -model1dumpfrequency 1 -model4smoothfactor 0.4 -ncpus 4 -nodumps 1 -nsmooth 4 -o /workspace/exp/my-ph/model/giza.my-ph/my-ph -onlyaldumps 1 -p0 0.999 -s /workspace/exp/my-ph/model/corpus/ph.vcb -t /workspace/exp/my-ph/model/corpus/my.vcb
Starting MGIZA 
Initializing Global Paras 
DEBUG: EnterDEBUG: PrefixDEBUG: LogParsing Arguments 
Parameter 'coocurrencefile' changed from '' to '/workspace/exp/my-ph/model/giza.my-ph/my-ph.cooc'
Parameter 'c' changed from '' to '/workspace/exp/my-ph/model/corpus/my-ph-int-train.snt'
Parameter 'm3' changed from '5' to '3'
Parameter 'm4' changed from '5' to '3'
Parameter 'model1dumpfrequency' changed from '0' to '1'
Parameter 'model4smoothfactor' changed from '0.2' to '0.4'
Parameter 'ncpus' changed from '0' to '4'
Parameter 'nodumps' changed from '0' to '1'
Parameter 'nsmooth' changed from '64' to '4'
Parameter 'o' changed from '126-06-16.180738.USER' to '/workspace/exp/my-ph/model/giza.my-ph/my-ph'
Parameter 'onlyaldumps' changed from '0' to '1'
Parameter 'p0' changed from '-1' to '0.999'
Parameter 's' changed from '' to '/workspace/exp/my-ph/model/corpus/ph.vcb'
Parameter 't' changed from '' to '/workspace/exp/my-ph/model/corpus/my.vcb'
general parameters:
-------------------
ml = 101  (maximum sentence length)

No. of iterations:
-------------------
hmmiterations = 5  (mh)
model1iterations = 5  (number of iterations for Model 1)
model2iterations = 0  (number of iterations for Model 2)
model3iterations = 3  (number of iterations for Model 3)
model4iterations = 3  (number of iterations for Model 4)
model5iterations = 0  (number of iterations for Model 5)
model6iterations = 0  (number of iterations for Model 6)

parameter for various heuristics in GIZA++ for efficient training:
------------------------------------------------------------------
countincreasecutoff = 1e-06  (Counts increment cutoff threshold)
countincreasecutoffal = 1e-05  (Counts increment cutoff threshold for alignments in training of fertility models)
mincountincrease = 1e-07  (minimal count increase)
peggedcutoff = 0.03  (relative cutoff probability for alignment-centers in pegging)
probcutoff = 1e-07  (Probability cutoff threshold for lexicon probabilities)
probsmooth = 1e-07  (probability smoothing (floor) value )

parameters for describing the type and amount of output:
-----------------------------------------------------------
compactalignmentformat = 0  (0: detailled alignment format, 1: compact alignment format )
countoutputprefix =   (The prefix for output counts)
dumpcount = 0  (Whether we are going to dump count (in addition to) final output?)
dumpcountusingwordstring = 0  (In count table, should actual word appears or just the id? default is id)
hmmdumpfrequency = 0  (dump frequency of HMM)
l = 126-06-16.180738.USER.log  (log file name)
log = 0  (0: no logfile; 1: logfile)
model1dumpfrequency = 1  (dump frequency of Model 1)
model2dumpfrequency = 0  (dump frequency of Model 2)
model345dumpfrequency = 0  (dump frequency of Model 3/4/5)
nbestalignments = 0  (for printing the n best alignments)
nodumps = 1  (1: do not write any files)
o = /workspace/exp/my-ph/model/giza.my-ph/my-ph  (output file prefix)
onlyaldumps = 1  (1: do not write any files)
outputpath =   (output path)
transferdumpfrequency = 0  (output: dump of transfer from Model 2 to 3)
verbose = 0  (0: not verbose; 1: verbose)
verbosesentence = -10  (number of sentence for which a lot of information should be printed (negative: no output))

parameters describing input files:
----------------------------------
c = /workspace/exp/my-ph/model/corpus/my-ph-int-train.snt  (training corpus file name)
d =   (dictionary file name)
previousa =   (The a-table of previous step)
previousd =   (The d-table of previous step)
previousd4 =   (The d4-table of previous step)
previousd42 =   (The d4-table (2) of previous step)
previoushmm =   (The hmm-table of previous step)
previousn =   (The n-table of previous step)
previousp0 =   (The P0 previous step)
previoust =   (The t-table of previous step)
restart = 0  (Restart training from a level,0: Normal restart, from model 1, 1: Model 1, 2: Model 2 Init (Using Model 1 model input and train model 2), 3: Model 2, (using model 2 input and train model 2), 4 : HMM Init (Using Model 1 model and train HMM), 5: HMM (Using Model 2 model and train HMM) 6 : HMM (Using HMM Model and train HMM), 7: Model 3 Init (Use HMM model and train model 3) 8: Model 3 Init (Use Model 2 model and train model 3) 9: Model 3, 10: Model 4 Init (Use Model 3 model and train Model 4) 11: Model 4 and on, )
s = /workspace/exp/my-ph/model/corpus/ph.vcb  (source vocabulary file name)
sourcevocabularyclasses =   (source vocabulary classes file name)
t = /workspace/exp/my-ph/model/corpus/my.vcb  (target vocabulary file name)
targetvocabularyclasses =   (target vocabulary classes file name)
tc =   (test corpus file name)

smoothing parameters:
---------------------
emalsmooth = 0.2  (f-b-trn: smoothing factor for HMM alignment model (can be ignored by -emSmoothHMM))
model23smoothfactor = 0  (smoothing parameter for IBM-2/3 (interpolation with constant))
model4smoothfactor = 0.4  (smooting parameter for alignment probabilities in Model 4)
model5smoothfactor = 0.1  (smooting parameter for distortion probabilities in Model 5 (linear interpolation with constant))
nsmooth = 4  (smoothing for fertility parameters (good value: 64): weight for wordlength-dependent fertility parameters)
nsmoothgeneral = 0  (smoothing for fertility parameters (default: 0): weight for word-independent fertility parameters)

parameters modifying the models:
--------------------------------
compactadtable = 1  (1: only 3-dimensional alignment table for IBM-2 and IBM-3)
deficientdistortionforemptyword = 0  (0: IBM-3/IBM-4 as described in (Brown et al. 1993); 1: distortion model of empty word is deficient; 2: distoriton model of empty word is deficient (differently); setting this parameter also helps to avoid that during IBM-3 and IBM-4 training too many words are aligned with the empty word)
depm4 = 76  (d_{=1}: &1:l, &2:m, &4:F, &8:E, d_{>1}&16:l, &32:m, &64:F, &128:E)
depm5 = 68  (d_{=1}: &1:l, &2:m, &4:F, &8:E, d_{>1}&16:l, &32:m, &64:F, &128:E)
emalignmentdependencies = 2  (lextrain: dependencies in the HMM alignment model.  &1: sentence length; &2: previous class; &4: previous position;  &8: French position; &16: French class)
emprobforempty = 0.4  (f-b-trn: probability for empty word)

parameters modifying the EM-algorithm:
--------------------------------------
m5p0 = -1  (fixed value for parameter p_0 in IBM-5 (if negative then it is determined in training))
manlexfactor1 = 0  ()
manlexfactor2 = 0  ()
manlexmaxmultiplicity = 20  ()
maxfertility = 10  (maximal fertility for fertility models)
ncpus = 4  (Number of threads to be executed, use 0 if you just want all CPUs to be used)
p0 = 0.999  (fixed value for parameter p_0 in IBM-3/4 (if negative then it is determined in training))
pegging = 0  (0: no pegging; 1: do pegging)

Parameter 'sourcevocabularyclasses' changed from '' to '/workspace/exp/my-ph/model/corpus/ph.vcb.classes'
Parameter 'targetvocabularyclasses' changed from '' to '/workspace/exp/my-ph/model/corpus/my.vcb.classes'
Opening Log File 
Printing parameters 
general parameters:
-------------------
ml = 101  (maximum sentence length)

No. of iterations:
-------------------
hmmiterations = 5  (mh)
model1iterations = 5  (number of iterations for Model 1)
model2iterations = 0  (number of iterations for Model 2)
model3iterations = 3  (number of iterations for Model 3)
model4iterations = 3  (number of iterations for Model 4)
model5iterations = 0  (number of iterations for Model 5)
model6iterations = 0  (number of iterations for Model 6)

parameter for various heuristics in GIZA++ for efficient training:
------------------------------------------------------------------
countincreasecutoff = 1e-06  (Counts increment cutoff threshold)
countincreasecutoffal = 1e-05  (Counts increment cutoff threshold for alignments in training of fertility models)
mincountincrease = 1e-07  (minimal count increase)
peggedcutoff = 0.03  (relative cutoff probability for alignment-centers in pegging)
probcutoff = 1e-07  (Probability cutoff threshold for lexicon probabilities)
probsmooth = 1e-07  (probability smoothing (floor) value )

parameters for describing the type and amount of output:
-----------------------------------------------------------
compactalignmentformat = 0  (0: detailled alignment format, 1: compact alignment format )
countoutputprefix =   (The prefix for output counts)
dumpcount = 0  (Whether we are going to dump count (in addition to) final output?)
dumpcountusingwordstring = 0  (In count table, should actual word appears or just the id? default is id)
hmmdumpfrequency = 0  (dump frequency of HMM)
l = 126-06-16.180738.USER.log  (log file name)
log = 0  (0: no logfile; 1: logfile)
model1dumpfrequency = 1  (dump frequency of Model 1)
model2dumpfrequency = 0  (dump frequency of Model 2)
model345dumpfrequency = 0  (dump frequency of Model 3/4/5)
nbestalignments = 0  (for printing the n best alignments)
nodumps = 1  (1: do not write any files)
o = /workspace/exp/my-ph/model/giza.my-ph/my-ph  (output file prefix)
onlyaldumps = 1  (1: do not write any files)
outputpath =   (output path)
transferdumpfrequency = 0  (output: dump of transfer from Model 2 to 3)
verbose = 0  (0: not verbose; 1: verbose)
verbosesentence = -10  (number of sentence for which a lot of information should be printed (negative: no output))

parameters describing input files:
----------------------------------
c = /workspace/exp/my-ph/model/corpus/my-ph-int-train.snt  (training corpus file name)
d =   (dictionary file name)
previousa =   (The a-table of previous step)
previousd =   (The d-table of previous step)
previousd4 =   (The d4-table of previous step)
previousd42 =   (The d4-table (2) of previous step)
previoushmm =   (The hmm-table of previous step)
previousn =   (The n-table of previous step)
previousp0 =   (The P0 previous step)
previoust =   (The t-table of previous step)
restart = 0  (Restart training from a level,0: Normal restart, from model 1, 1: Model 1, 2: Model 2 Init (Using Model 1 model input and train model 2), 3: Model 2, (using model 2 input and train model 2), 4 : HMM Init (Using Model 1 model and train HMM), 5: HMM (Using Model 2 model and train HMM) 6 : HMM (Using HMM Model and train HMM), 7: Model 3 Init (Use HMM model and train model 3) 8: Model 3 Init (Use Model 2 model and train model 3) 9: Model 3, 10: Model 4 Init (Use Model 3 model and train Model 4) 11: Model 4 and on, )
s = /workspace/exp/my-ph/model/corpus/ph.vcb  (source vocabulary file name)
sourcevocabularyclasses = /workspace/exp/my-ph/model/corpus/ph.vcb.classes  (source vocabulary classes file name)
t = /workspace/exp/my-ph/model/corpus/my.vcb  (target vocabulary file name)
targetvocabularyclasses = /workspace/exp/my-ph/model/corpus/my.vcb.classes  (target vocabulary classes file name)
tc =   (test corpus file name)

smoothing parameters:
---------------------
emalsmooth = 0.2  (f-b-trn: smoothing factor for HMM alignment model (can be ignored by -emSmoothHMM))
model23smoothfactor = 0  (smoothing parameter for IBM-2/3 (interpolation with constant))
model4smoothfactor = 0.4  (smooting parameter for alignment probabilities in Model 4)
model5smoothfactor = 0.1  (smooting parameter for distortion probabilities in Model 5 (linear interpolation with constant))
nsmooth = 4  (smoothing for fertility parameters (good value: 64): weight for wordlength-dependent fertility parameters)
nsmoothgeneral = 0  (smoothing for fertility parameters (default: 0): weight for word-independent fertility parameters)

parameters modifying the models:
--------------------------------
compactadtable = 1  (1: only 3-dimensional alignment table for IBM-2 and IBM-3)
deficientdistortionforemptyword = 0  (0: IBM-3/IBM-4 as described in (Brown et al. 1993); 1: distortion model of empty word is deficient; 2: distoriton model of empty word is deficient (differently); setting this parameter also helps to avoid that during IBM-3 and IBM-4 training too many words are aligned with the empty word)
depm4 = 76  (d_{=1}: &1:l, &2:m, &4:F, &8:E, d_{>1}&16:l, &32:m, &64:F, &128:E)
depm5 = 68  (d_{=1}: &1:l, &2:m, &4:F, &8:E, d_{>1}&16:l, &32:m, &64:F, &128:E)
emalignmentdependencies = 2  (lextrain: dependencies in the HMM alignment model.  &1: sentence length; &2: previous class; &4: previous position;  &8: French position; &16: French class)
emprobforempty = 0.4  (f-b-trn: probability for empty word)

parameters modifying the EM-algorithm:
--------------------------------------
m5p0 = -1  (fixed value for parameter p_0 in IBM-5 (if negative then it is determined in training))
manlexfactor1 = 0  ()
manlexfactor2 = 0  ()
manlexmaxmultiplicity = 20  ()
maxfertility = 10  (maximal fertility for fertility models)
ncpus = 4  (Number of threads to be executed, use 0 if you just want all CPUs to be used)
p0 = 0.999  (fixed value for parameter p_0 in IBM-3/4 (if negative then it is determined in training))
pegging = 0  (0: no pegging; 1: do pegging)

reading vocabulary files 
Reading vocabulary file from:/workspace/exp/my-ph/model/corpus/ph.vcb
Reading vocabulary file from:/workspace/exp/my-ph/model/corpus/my.vcb
Source vocabulary list has 1835 unique tokens 
Target vocabulary list has 2281 unique tokens 
Calculating vocabulary frequencies from corpus /workspace/exp/my-ph/model/corpus/my-ph-int-train.snt
Reading more sentence pairs into memory ... 
Corpus fits in memory, corpus has: 20000 sentence pairs.
Compacted Vocabulary, eliminated 1 entries 1834 remains 
Compacted Vocabulary, eliminated 1 entries 2280 remains 
 Train total # sentence pairs (weighted): 20000
Size of source portion of the training corpus: 57346 tokens
Size of the target portion of the training corpus: 57336 tokens 
In source portion of the training corpus, only 1834 unique tokens appeared
In target portion of the training corpus, only 2279 unique tokens appeared
lambda for PP calculation in IBM-1,IBM-2,HMM:= 57336/(77346-20000)== 0.999826
Dictionary Loading complete
Inputfile in /workspace/exp/my-ph/model/giza.my-ph/my-ph.cooc
There are 75243 75243 entries in table
cooc file loading completed
TTable initialization OK
Model one initalization OK
==========================================================
Model1 Training Started at: Tue Jun 16 18:07:38 2026

-----------
Model1: Iteration 1
==========================================================
Model1 Training Started at: Tue Jun 16 18:07:38 2026

-----------
Model1: Iteration 1
==========================================================
Model1 Training Started at: Tue Jun 16 18:07:38 2026

-----------
Model1: Iteration 1
==========================================================
Model1 Training Started at: Tue Jun 16 18:07:38 2026

-----------
Model1: Iteration 1
Main thread done, waiting
Thread 1done
Thread 2done
Thread 3done
Normalizing T 
 DONE Normalizing 
Model1: (1) TRAIN CROSS-ENTROPY 14.2745 PERPLEXITY 19817.2
Model1: (1) VITERBI TRAIN CROSS-ENTROPY 16.2981 PERPLEXITY 80576.4
Model 1 Iteration: 1 took: 0 seconds
-----------
Model1: Iteration 2
==========================================================
Model1 Training Started at: Tue Jun 16 18:07:38 2026

-----------
Model1: Iteration 2
==========================================================
Model1 Training Started at: Tue Jun 16 18:07:38 2026

-----------
Model1: Iteration 2
==========================================================
Model1 Training Started at: Tue Jun 16 18:07:38 2026

-----------
Model1: Iteration 2
Main thread done, waiting
Thread 1done
Thread 2done
Thread 3done
Normalizing T 
 DONE Normalizing 
Model1: (2) TRAIN CROSS-ENTROPY 4.57312 PERPLEXITY 23.8037
Model1: (2) VITERBI TRAIN CROSS-ENTROPY 4.90673 PERPLEXITY 29.9967
Model 1 Iteration: 2 took: 0 seconds
-----------
Model1: Iteration 3
==========================================================
Model1 Training Started at: Tue Jun 16 18:07:38 2026

-----------
Model1: Iteration 3
==========================================================
Model1 Training Started at: Tue Jun 16 18:07:38 2026

-----------
Model1: Iteration 3
==========================================================
Model1 Training Started at: Tue Jun 16 18:07:38 2026

-----------
Model1: Iteration 3
Main thread done, waiting
Thread 1done
Thread 2done
Thread 3done
Normalizing T 
 DONE Normalizing 
Model1: (3) TRAIN CROSS-ENTROPY 3.49053 PERPLEXITY 11.2397
Model1: (3) VITERBI TRAIN CROSS-ENTROPY 3.67425 PERPLEXITY 12.7661
Model 1 Iteration: 3 took: 0 seconds
-----------
Model1: Iteration 4
==========================================================
Model1 Training Started at: Tue Jun 16 18:07:38 2026

-----------
Model1: Iteration 4
==========================================================
Model1 Training Started at: Tue Jun 16 18:07:38 2026

-----------
Model1: Iteration 4
==========================================================
Model1 Training Started at: Tue Jun 16 18:07:38 2026

-----------
Model1: Iteration 4
Main thread done, waiting
Thread 1done
Thread 2done
Thread 3done
Normalizing T 
 DONE Normalizing 
Model1: (4) TRAIN CROSS-ENTROPY 3.36651 PERPLEXITY 10.3138
Model1: (4) VITERBI TRAIN CROSS-ENTROPY 3.53206 PERPLEXITY 11.5679
Model 1 Iteration: 4 took: 0 seconds
-----------
Model1: Iteration 5
==========================================================
Model1 Training Started at: Tue Jun 16 18:07:38 2026

-----------
Model1: Iteration 5
==========================================================
Model1 Training Started at: Tue Jun 16 18:07:38 2026

-----------
Model1: Iteration 5
==========================================================
Model1 Training Started at: Tue Jun 16 18:07:38 2026

-----------
Model1: Iteration 5
Main thread done, waiting
Thread 1done
Thread 2done
Thread 3done
Normalizing T 
 DONE Normalizing 
Model1: (5) TRAIN CROSS-ENTROPY 3.34541 PERPLEXITY 10.1641
Model1: (5) VITERBI TRAIN CROSS-ENTROPY 3.5037 PERPLEXITY 11.3428
Model 1 Iteration: 5 took: 0 seconds
Entire Model1 Training took: 0 seconds
NOTE: I am doing iterations with the HMM model!
Read classes: #words: 1834  #classes: 51
Actual number of read words: 1833 stored words: 1833
Read classes: #words: 2280  #classes: 51
Actual number of read words: 2279 stored words: 2279

==========================================================
Hmm Training Started at: Tue Jun 16 18:07:38 2026

-----------
Hmm: Iteration 1
Dump files 0 it 1 noIterations 5 dumpFreq 0
Thread 1done
Thread 2done
Thread 3done
A/D table contains 594 parameters.
Hmm: (1) TRAIN CROSS-ENTROPY 3.33965 PERPLEXITY 10.1236
Hmm: (1) VITERBI TRAIN CROSS-ENTROPY 3.49469 PERPLEXITY 11.2722

Hmm Iteration: 1 took: 0 seconds

-----------
Hmm: Iteration 2
Dump files 0 it 2 noIterations 5 dumpFreq 0
Thread 1done
Thread 2done
Thread 3done
A/D table contains 594 parameters.
Hmm: (2) TRAIN CROSS-ENTROPY 1.36315 PERPLEXITY 2.57247
Hmm: (2) VITERBI TRAIN CROSS-ENTROPY 1.37678 PERPLEXITY 2.59688

Hmm Iteration: 2 took: 0 seconds

-----------
Hmm: Iteration 3
Dump files 0 it 3 noIterations 5 dumpFreq 0
Thread 1done
Thread 2done
Thread 3done
A/D table contains 594 parameters.
Hmm: (3) TRAIN CROSS-ENTROPY 1.18302 PERPLEXITY 2.27052
Hmm: (3) VITERBI TRAIN CROSS-ENTROPY 1.18907 PERPLEXITY 2.28006

Hmm Iteration: 3 took: 0 seconds

-----------
Hmm: Iteration 4
Dump files 0 it 4 noIterations 5 dumpFreq 0
Thread 1done
Thread 2done
Thread 3done
A/D table contains 594 parameters.
Hmm: (4) TRAIN CROSS-ENTROPY 1.13782 PERPLEXITY 2.20048
Hmm: (4) VITERBI TRAIN CROSS-ENTROPY 1.14185 PERPLEXITY 2.20663

Hmm Iteration: 4 took: 0 seconds

-----------
Hmm: Iteration 5
Dump files 0 it 5 noIterations 5 dumpFreq 0
Thread 1done
Thread 2done
Thread 3done
A/D table contains 594 parameters.
Hmm: (5) TRAIN CROSS-ENTROPY 1.11756 PERPLEXITY 2.16979
Hmm: (5) VITERBI TRAIN CROSS-ENTROPY 1.12049 PERPLEXITY 2.17421

Hmm Iteration: 5 took: 0 seconds

Entire Hmm Training took: 0 seconds
==========================================================

==========================================================
Starting H333444:  Viterbi Training
 H333444 Training Started at: Tue Jun 16 18:07:38 2026


---------------------
THTo3: Iteration 1
10000
20000#centers(pre/hillclimbed/real): #centers(pre/hillclimbed/real): #centers(pre/hillclimbed/real): 
11#centers(pre/hillclimbed/real): 1   1 1 11  #al: 1   #al: 11  #al:  13.3798 #alsophisticatedcountcollection: 1 0113.492 #hcsteps:  #alsophisticatedcountcollection: 0 #hcsteps: 0
0#peggingImprovements: 
#peggingImprovements: 00

  #al: 13.2027 #alsophisticatedcountcollection: 0 #hcsteps: 0
#peggingImprovements: 0
13.286 #alsophisticatedcountcollection: 0 #hcsteps: 0
#peggingImprovements: 0
Thread 1done
Thread 2done
Thread 3done
A/D table contains 594 parameters.
A/D table contains 602 parameters.
NTable contains 18350 parameter.
p0_count is 57276.3 and p1 is 29.8383; p0 is 0.999 p1: 0.001
THTo3: TRAIN CROSS-ENTROPY 0.372872 PERPLEXITY 1.29493
THTo3: (1) TRAIN VITERBI CROSS-ENTROPY 0.37518 PERPLEXITY 1.297

THTo3 Viterbi Iteration : 1 took: 0 seconds

---------------------
Model3: Iteration 2
10000
20000#centers(pre/hillclimbed/real): #centers(pre/hillclimbed/real): #centers(pre/hillclimbed/real): 1 11  1  #al: 1 1  #al: 
13.1678 #alsophisticatedcountcollection: 0 #hcsteps: 1.00414
#peggingImprovements: 0
#centers(pre/hillclimbed/real): 13.425 #alsophisticatedcountcollection: 1 01  #hcsteps: 1  #al: 1.00217
#peggingImprovements: 0
13.2609 #alsophisticatedcountcollection: 0 #hcsteps: 1.00258
#peggingImprovements: 0
1 1 1  #al: 13.5084 #alsophisticatedcountcollection: 0 #hcsteps: 1.00358
#peggingImprovements: 0
Thread 1done
Thread 2done
Thread 3done
A/D table contains 594 parameters.
A/D table contains 592 parameters.
NTable contains 18350 parameter.
p0_count is 57318.3 and p1 is 8.83446; p0 is 0.999 p1: 0.001
Model3: TRAIN CROSS-ENTROPY 0.795999 PERPLEXITY 1.73628
Model3: (2) TRAIN VITERBI CROSS-ENTROPY 0.796252 PERPLEXITY 1.73658

Model3 Viterbi Iteration : 2 took: 0 seconds

---------------------
Model3: Iteration 3
10000
20000#centers(pre/hillclimbed/real): #centers(pre/hillclimbed/real): #centers(pre/hillclimbed/real): 11 1 1 1 11  #al:   #al: 
#centers(pre/hillclimbed/real): 13.44571 1 1  #al: 13.3627 #alsophisticatedcountcollection: 0 #hcsteps: 1.00162
#peggingImprovements: 0
 #alsophisticatedcountcollection: 0 #hcsteps: 1.00291
#peggingImprovements: 0
13.1743 #alsophisticatedcountcollection: 0 #hcsteps: 1.00129
#peggingImprovements: 0
 1 1  #al: 13.4198 #alsophisticatedcountcollection: 0 #hcsteps: 1.00167
#peggingImprovements: 0
Thread 1done
Thread 2done
Thread 3done
A/D table contains 594 parameters.
A/D table contains 572 parameters.
NTable contains 18350 parameter.
p0_count is 57328 and p1 is 3.9786; p0 is 0.999 p1: 0.001
Model3: TRAIN CROSS-ENTROPY 0.777625 PERPLEXITY 1.71431
Model3: (3) TRAIN VITERBI CROSS-ENTROPY 0.777739 PERPLEXITY 1.71444

Model3 Viterbi Iteration : 3 took: 0 seconds

---------------------
T3To4: Iteration 4
10000
20000#centers(pre/hillclimbed/real): #centers(pre/hillclimbed/real): 
#centers(pre/hillclimbed/real): 11 1  11 11   #al: #centers(pre/hillclimbed/real): 13.3292 #alsophisticatedcountcollection: 3.77916 #hcsteps: 1.00132
#peggingImprovements: 1 01 
11  #al:   #al: 13.204 #alsophisticatedcountcollection: 13.48494.08252 #hcsteps:  #alsophisticatedcountcollection: 1.00061
#peggingImprovements: 4.17809 #hcsteps: 01.00146

#peggingImprovements: 0
 1  #al: 13.379 #alsophisticatedcountcollection: 3.97297 #hcsteps: 1.00159
#peggingImprovements: 0
D4 table contains 486997 parameters.
Thread 1done
Thread 2done
Thread 3done
A/D table contains 594 parameters.
A/D table contains 556 parameters.
NTable contains 18350 parameter.
p0_count is 57333.4 and p1 is 1.28625; p0 is 0.999 p1: 0.001
T3To4: TRAIN CROSS-ENTROPY 0.771666 PERPLEXITY 1.70724
T3To4: (4) TRAIN VITERBI CROSS-ENTROPY 0.771682 PERPLEXITY 1.70726

T3To4 Viterbi Iteration : 4 took: 0 seconds

---------------------
Model4: Iteration 5
10000
20000#centers(pre/hillclimbed/real): #centers(pre/hillclimbed/real): 1 
1 1  #al: 13.1614 #alsophisticatedcountcollection: 4.57583 #hcsteps: 1.0004
#peggingImprovements: 0
1 1 1  #al: 13.5789 #alsophisticatedcountcollection: 4.53653 #hcsteps: 1.001
#peggingImprovements: 0
#centers(pre/hillclimbed/real): 1 1 1  #al: 13.3917 #alsophisticatedcountcollection: 4.51208 #hcsteps: 1.0008
#peggingImprovements: 0
#centers(pre/hillclimbed/real): 1 1 1  #al: 13.2613 #alsophisticatedcountcollection: 4.45779 #hcsteps: 1.00059
#peggingImprovements: 0
D4 table contains 486997 parameters.
Thread 1done
Thread 2done
Thread 3done
A/D table contains 594 parameters.
A/D table contains 552 parameters.
NTable contains 18350 parameter.
p0_count is 57332.2 and p1 is 1.89153; p0 is 0.999 p1: 0.001
Model4: TRAIN CROSS-ENTROPY 1.31286 PERPLEXITY 2.48433
Model4: (5) TRAIN VITERBI CROSS-ENTROPY 1.31308 PERPLEXITY 2.48471

Model4 Viterbi Iteration : 5 took: 0 seconds

---------------------
Model4: Iteration 6
I will write alignment to /workspace/exp/my-ph/model/giza.my-ph/my-ph.A3.final.part000
I will write alignment to /workspace/exp/my-ph/model/giza.my-ph/my-ph.A3.final.part002
I will write alignment to /workspace/exp/my-ph/model/giza.my-ph/my-ph.A3.final.part001
I will write alignment to /workspace/exp/my-ph/model/giza.my-ph/my-ph.A3.final.part003
10000
20000
#centers(pre/hillclimbed/real): 1 1 1  #al: 13.3812 #alsophisticatedcountcollection: 4.80302 #hcsteps: 1.00085
#peggingImprovements: 0
#centers(pre/hillclimbed/real): 1 1 1  #al: 13.2646 #alsophisticatedcountcollection: 4.41983 #hcsteps: 1.00078
#peggingImprovements: 0
#centers(pre/hillclimbed/real): 1 1 1  #al: 13.2223 #alsophisticatedcountcollection: 4.33174 #hcsteps: 1.00038
#peggingImprovements: 0
#centers(pre/hillclimbed/real): 1 1 1  #al: 13.5363 #alsophisticatedcountcollection: 4.55522 #hcsteps: 1.0004
#peggingImprovements: 0
D4 table contains 486997 parameters.
Thread 1done
Thread 2done
Thread 3done
A/D table contains 594 parameters.
A/D table contains 549 parameters.
NTable contains 18350 parameter.
p0_count is 57332 and p1 is 1.99987; p0 is 0.999 p1: 0.001
Model4: TRAIN CROSS-ENTROPY 1.3122 PERPLEXITY 2.48319
Model4: (6) TRAIN VITERBI CROSS-ENTROPY 1.31244 PERPLEXITY 2.48361

Model4 Viterbi Iteration : 6 took: 1 seconds
H333444 Training Finished at: Tue Jun 16 18:07:39 2026


Entire Viterbi H333444 Training took: 1 seconds
==========================================================

Entire Training took: 1 seconds
Program Finished at: Tue Jun 16 18:07:39 2026

==========================================================
Merging A3.final.part* tables
Executing: /workspace/tools/training-tools/merge_alignment.py  /workspace/exp/my-ph/model/giza.my-ph/my-ph.A3.final.part*>/workspace/exp/my-ph/model/giza.my-ph/my-ph.A3.final
Combined 4 files, totally 20000 sents 
Executing: rm -f /workspace/exp/my-ph/model/giza.my-ph/my-ph.A3.final.gz
Executing: gzip /workspace/exp/my-ph/model/giza.my-ph/my-ph.A3.final
(2.1a) running snt2cooc ph-my @ Tue Jun 16 18:07:40 UTC 2026

Executing: mkdir -p /workspace/exp/my-ph/model/giza.ph-my
Executing: /workspace/tools/training-tools/snt2cooc /workspace/exp/my-ph/model/giza.ph-my/ph-my.cooc /workspace/exp/my-ph/model/corpus/my.vcb /workspace/exp/my-ph/model/corpus/ph.vcb /workspace/exp/my-ph/model/corpus/ph-my-int-train.snt
/workspace/tools/training-tools/snt2cooc /workspace/exp/my-ph/model/giza.ph-my/ph-my.cooc /workspace/exp/my-ph/model/corpus/my.vcb /workspace/exp/my-ph/model/corpus/ph.vcb /workspace/exp/my-ph/model/corpus/ph-my-int-train.snt
line 1000
line 2000
line 3000
line 4000
line 5000
line 6000
line 7000
line 8000
line 9000
line 10000
line 11000
line 12000
line 13000
line 14000
line 15000
line 16000
line 17000
line 18000
line 19000
line 20000
END.
(2.1b) running giza ph-my @ Tue Jun 16 18:07:41 UTC 2026
/workspace/tools/training-tools/mgiza  -CoocurrenceFile /workspace/exp/my-ph/model/giza.ph-my/ph-my.cooc -c /workspace/exp/my-ph/model/corpus/ph-my-int-train.snt -m1 5 -m2 0 -m3 3 -m4 3 -model1dumpfrequency 1 -model4smoothfactor 0.4 -ncpus 4 -nodumps 1 -nsmooth 4 -o /workspace/exp/my-ph/model/giza.ph-my/ph-my -onlyaldumps 1 -p0 0.999 -s /workspace/exp/my-ph/model/corpus/my.vcb -t /workspace/exp/my-ph/model/corpus/ph.vcb
Executing: /workspace/tools/training-tools/mgiza  -CoocurrenceFile /workspace/exp/my-ph/model/giza.ph-my/ph-my.cooc -c /workspace/exp/my-ph/model/corpus/ph-my-int-train.snt -m1 5 -m2 0 -m3 3 -m4 3 -model1dumpfrequency 1 -model4smoothfactor 0.4 -ncpus 4 -nodumps 1 -nsmooth 4 -o /workspace/exp/my-ph/model/giza.ph-my/ph-my -onlyaldumps 1 -p0 0.999 -s /workspace/exp/my-ph/model/corpus/my.vcb -t /workspace/exp/my-ph/model/corpus/ph.vcb
/workspace/tools/training-tools/mgiza  -CoocurrenceFile /workspace/exp/my-ph/model/giza.ph-my/ph-my.cooc -c /workspace/exp/my-ph/model/corpus/ph-my-int-train.snt -m1 5 -m2 0 -m3 3 -m4 3 -model1dumpfrequency 1 -model4smoothfactor 0.4 -ncpus 4 -nodumps 1 -nsmooth 4 -o /workspace/exp/my-ph/model/giza.ph-my/ph-my -onlyaldumps 1 -p0 0.999 -s /workspace/exp/my-ph/model/corpus/my.vcb -t /workspace/exp/my-ph/model/corpus/ph.vcb
Starting MGIZA 
Initializing Global Paras 
DEBUG: EnterDEBUG: PrefixDEBUG: LogParsing Arguments 
Parameter 'coocurrencefile' changed from '' to '/workspace/exp/my-ph/model/giza.ph-my/ph-my.cooc'
Parameter 'c' changed from '' to '/workspace/exp/my-ph/model/corpus/ph-my-int-train.snt'
Parameter 'm3' changed from '5' to '3'
Parameter 'm4' changed from '5' to '3'
Parameter 'model1dumpfrequency' changed from '0' to '1'
Parameter 'model4smoothfactor' changed from '0.2' to '0.4'
Parameter 'ncpus' changed from '0' to '4'
Parameter 'nodumps' changed from '0' to '1'
Parameter 'nsmooth' changed from '64' to '4'
Parameter 'o' changed from '126-06-16.180741.USER' to '/workspace/exp/my-ph/model/giza.ph-my/ph-my'
Parameter 'onlyaldumps' changed from '0' to '1'
Parameter 'p0' changed from '-1' to '0.999'
Parameter 's' changed from '' to '/workspace/exp/my-ph/model/corpus/my.vcb'
Parameter 't' changed from '' to '/workspace/exp/my-ph/model/corpus/ph.vcb'
general parameters:
-------------------
ml = 101  (maximum sentence length)

No. of iterations:
-------------------
hmmiterations = 5  (mh)
model1iterations = 5  (number of iterations for Model 1)
model2iterations = 0  (number of iterations for Model 2)
model3iterations = 3  (number of iterations for Model 3)
model4iterations = 3  (number of iterations for Model 4)
model5iterations = 0  (number of iterations for Model 5)
model6iterations = 0  (number of iterations for Model 6)

parameter for various heuristics in GIZA++ for efficient training:
------------------------------------------------------------------
countincreasecutoff = 1e-06  (Counts increment cutoff threshold)
countincreasecutoffal = 1e-05  (Counts increment cutoff threshold for alignments in training of fertility models)
mincountincrease = 1e-07  (minimal count increase)
peggedcutoff = 0.03  (relative cutoff probability for alignment-centers in pegging)
probcutoff = 1e-07  (Probability cutoff threshold for lexicon probabilities)
probsmooth = 1e-07  (probability smoothing (floor) value )

parameters for describing the type and amount of output:
-----------------------------------------------------------
compactalignmentformat = 0  (0: detailled alignment format, 1: compact alignment format )
countoutputprefix =   (The prefix for output counts)
dumpcount = 0  (Whether we are going to dump count (in addition to) final output?)
dumpcountusingwordstring = 0  (In count table, should actual word appears or just the id? default is id)
hmmdumpfrequency = 0  (dump frequency of HMM)
l = 126-06-16.180741.USER.log  (log file name)
log = 0  (0: no logfile; 1: logfile)
model1dumpfrequency = 1  (dump frequency of Model 1)
model2dumpfrequency = 0  (dump frequency of Model 2)
model345dumpfrequency = 0  (dump frequency of Model 3/4/5)
nbestalignments = 0  (for printing the n best alignments)
nodumps = 1  (1: do not write any files)
o = /workspace/exp/my-ph/model/giza.ph-my/ph-my  (output file prefix)
onlyaldumps = 1  (1: do not write any files)
outputpath =   (output path)
transferdumpfrequency = 0  (output: dump of transfer from Model 2 to 3)
verbose = 0  (0: not verbose; 1: verbose)
verbosesentence = -10  (number of sentence for which a lot of information should be printed (negative: no output))

parameters describing input files:
----------------------------------
c = /workspace/exp/my-ph/model/corpus/ph-my-int-train.snt  (training corpus file name)
d =   (dictionary file name)
previousa =   (The a-table of previous step)
previousd =   (The d-table of previous step)
previousd4 =   (The d4-table of previous step)
previousd42 =   (The d4-table (2) of previous step)
previoushmm =   (The hmm-table of previous step)
previousn =   (The n-table of previous step)
previousp0 =   (The P0 previous step)
previoust =   (The t-table of previous step)
restart = 0  (Restart training from a level,0: Normal restart, from model 1, 1: Model 1, 2: Model 2 Init (Using Model 1 model input and train model 2), 3: Model 2, (using model 2 input and train model 2), 4 : HMM Init (Using Model 1 model and train HMM), 5: HMM (Using Model 2 model and train HMM) 6 : HMM (Using HMM Model and train HMM), 7: Model 3 Init (Use HMM model and train model 3) 8: Model 3 Init (Use Model 2 model and train model 3) 9: Model 3, 10: Model 4 Init (Use Model 3 model and train Model 4) 11: Model 4 and on, )
s = /workspace/exp/my-ph/model/corpus/my.vcb  (source vocabulary file name)
sourcevocabularyclasses =   (source vocabulary classes file name)
t = /workspace/exp/my-ph/model/corpus/ph.vcb  (target vocabulary file name)
targetvocabularyclasses =   (target vocabulary classes file name)
tc =   (test corpus file name)

smoothing parameters:
---------------------
emalsmooth = 0.2  (f-b-trn: smoothing factor for HMM alignment model (can be ignored by -emSmoothHMM))
model23smoothfactor = 0  (smoothing parameter for IBM-2/3 (interpolation with constant))
model4smoothfactor = 0.4  (smooting parameter for alignment probabilities in Model 4)
model5smoothfactor = 0.1  (smooting parameter for distortion probabilities in Model 5 (linear interpolation with constant))
nsmooth = 4  (smoothing for fertility parameters (good value: 64): weight for wordlength-dependent fertility parameters)
nsmoothgeneral = 0  (smoothing for fertility parameters (default: 0): weight for word-independent fertility parameters)

parameters modifying the models:
--------------------------------
compactadtable = 1  (1: only 3-dimensional alignment table for IBM-2 and IBM-3)
deficientdistortionforemptyword = 0  (0: IBM-3/IBM-4 as described in (Brown et al. 1993); 1: distortion model of empty word is deficient; 2: distoriton model of empty word is deficient (differently); setting this parameter also helps to avoid that during IBM-3 and IBM-4 training too many words are aligned with the empty word)
depm4 = 76  (d_{=1}: &1:l, &2:m, &4:F, &8:E, d_{>1}&16:l, &32:m, &64:F, &128:E)
depm5 = 68  (d_{=1}: &1:l, &2:m, &4:F, &8:E, d_{>1}&16:l, &32:m, &64:F, &128:E)
emalignmentdependencies = 2  (lextrain: dependencies in the HMM alignment model.  &1: sentence length; &2: previous class; &4: previous position;  &8: French position; &16: French class)
emprobforempty = 0.4  (f-b-trn: probability for empty word)

parameters modifying the EM-algorithm:
--------------------------------------
m5p0 = -1  (fixed value for parameter p_0 in IBM-5 (if negative then it is determined in training))
manlexfactor1 = 0  ()
manlexfactor2 = 0  ()
manlexmaxmultiplicity = 20  ()
maxfertility = 10  (maximal fertility for fertility models)
ncpus = 4  (Number of threads to be executed, use 0 if you just want all CPUs to be used)
p0 = 0.999  (fixed value for parameter p_0 in IBM-3/4 (if negative then it is determined in training))
pegging = 0  (0: no pegging; 1: do pegging)

Parameter 'sourcevocabularyclasses' changed from '' to '/workspace/exp/my-ph/model/corpus/my.vcb.classes'
Parameter 'targetvocabularyclasses' changed from '' to '/workspace/exp/my-ph/model/corpus/ph.vcb.classes'
Opening Log File 
Printing parameters 
general parameters:
-------------------
ml = 101  (maximum sentence length)

No. of iterations:
-------------------
hmmiterations = 5  (mh)
model1iterations = 5  (number of iterations for Model 1)
model2iterations = 0  (number of iterations for Model 2)
model3iterations = 3  (number of iterations for Model 3)
model4iterations = 3  (number of iterations for Model 4)
model5iterations = 0  (number of iterations for Model 5)
model6iterations = 0  (number of iterations for Model 6)

parameter for various heuristics in GIZA++ for efficient training:
------------------------------------------------------------------
countincreasecutoff = 1e-06  (Counts increment cutoff threshold)
countincreasecutoffal = 1e-05  (Counts increment cutoff threshold for alignments in training of fertility models)
mincountincrease = 1e-07  (minimal count increase)
peggedcutoff = 0.03  (relative cutoff probability for alignment-centers in pegging)
probcutoff = 1e-07  (Probability cutoff threshold for lexicon probabilities)
probsmooth = 1e-07  (probability smoothing (floor) value )

parameters for describing the type and amount of output:
-----------------------------------------------------------
compactalignmentformat = 0  (0: detailled alignment format, 1: compact alignment format )
countoutputprefix =   (The prefix for output counts)
dumpcount = 0  (Whether we are going to dump count (in addition to) final output?)
dumpcountusingwordstring = 0  (In count table, should actual word appears or just the id? default is id)
hmmdumpfrequency = 0  (dump frequency of HMM)
l = 126-06-16.180741.USER.log  (log file name)
log = 0  (0: no logfile; 1: logfile)
model1dumpfrequency = 1  (dump frequency of Model 1)
model2dumpfrequency = 0  (dump frequency of Model 2)
model345dumpfrequency = 0  (dump frequency of Model 3/4/5)
nbestalignments = 0  (for printing the n best alignments)
nodumps = 1  (1: do not write any files)
o = /workspace/exp/my-ph/model/giza.ph-my/ph-my  (output file prefix)
onlyaldumps = 1  (1: do not write any files)
outputpath =   (output path)
transferdumpfrequency = 0  (output: dump of transfer from Model 2 to 3)
verbose = 0  (0: not verbose; 1: verbose)
verbosesentence = -10  (number of sentence for which a lot of information should be printed (negative: no output))

parameters describing input files:
----------------------------------
c = /workspace/exp/my-ph/model/corpus/ph-my-int-train.snt  (training corpus file name)
d =   (dictionary file name)
previousa =   (The a-table of previous step)
previousd =   (The d-table of previous step)
previousd4 =   (The d4-table of previous step)
previousd42 =   (The d4-table (2) of previous step)
previoushmm =   (The hmm-table of previous step)
previousn =   (The n-table of previous step)
previousp0 =   (The P0 previous step)
previoust =   (The t-table of previous step)
restart = 0  (Restart training from a level,0: Normal restart, from model 1, 1: Model 1, 2: Model 2 Init (Using Model 1 model input and train model 2), 3: Model 2, (using model 2 input and train model 2), 4 : HMM Init (Using Model 1 model and train HMM), 5: HMM (Using Model 2 model and train HMM) 6 : HMM (Using HMM Model and train HMM), 7: Model 3 Init (Use HMM model and train model 3) 8: Model 3 Init (Use Model 2 model and train model 3) 9: Model 3, 10: Model 4 Init (Use Model 3 model and train Model 4) 11: Model 4 and on, )
s = /workspace/exp/my-ph/model/corpus/my.vcb  (source vocabulary file name)
sourcevocabularyclasses = /workspace/exp/my-ph/model/corpus/my.vcb.classes  (source vocabulary classes file name)
t = /workspace/exp/my-ph/model/corpus/ph.vcb  (target vocabulary file name)
targetvocabularyclasses = /workspace/exp/my-ph/model/corpus/ph.vcb.classes  (target vocabulary classes file name)
tc =   (test corpus file name)

smoothing parameters:
---------------------
emalsmooth = 0.2  (f-b-trn: smoothing factor for HMM alignment model (can be ignored by -emSmoothHMM))
model23smoothfactor = 0  (smoothing parameter for IBM-2/3 (interpolation with constant))
model4smoothfactor = 0.4  (smooting parameter for alignment probabilities in Model 4)
model5smoothfactor = 0.1  (smooting parameter for distortion probabilities in Model 5 (linear interpolation with constant))
nsmooth = 4  (smoothing for fertility parameters (good value: 64): weight for wordlength-dependent fertility parameters)
nsmoothgeneral = 0  (smoothing for fertility parameters (default: 0): weight for word-independent fertility parameters)

parameters modifying the models:
--------------------------------
compactadtable = 1  (1: only 3-dimensional alignment table for IBM-2 and IBM-3)
deficientdistortionforemptyword = 0  (0: IBM-3/IBM-4 as described in (Brown et al. 1993); 1: distortion model of empty word is deficient; 2: distoriton model of empty word is deficient (differently); setting this parameter also helps to avoid that during IBM-3 and IBM-4 training too many words are aligned with the empty word)
depm4 = 76  (d_{=1}: &1:l, &2:m, &4:F, &8:E, d_{>1}&16:l, &32:m, &64:F, &128:E)
depm5 = 68  (d_{=1}: &1:l, &2:m, &4:F, &8:E, d_{>1}&16:l, &32:m, &64:F, &128:E)
emalignmentdependencies = 2  (lextrain: dependencies in the HMM alignment model.  &1: sentence length; &2: previous class; &4: previous position;  &8: French position; &16: French class)
emprobforempty = 0.4  (f-b-trn: probability for empty word)

parameters modifying the EM-algorithm:
--------------------------------------
m5p0 = -1  (fixed value for parameter p_0 in IBM-5 (if negative then it is determined in training))
manlexfactor1 = 0  ()
manlexfactor2 = 0  ()
manlexmaxmultiplicity = 20  ()
maxfertility = 10  (maximal fertility for fertility models)
ncpus = 4  (Number of threads to be executed, use 0 if you just want all CPUs to be used)
p0 = 0.999  (fixed value for parameter p_0 in IBM-3/4 (if negative then it is determined in training))
pegging = 0  (0: no pegging; 1: do pegging)

reading vocabulary files 
Reading vocabulary file from:/workspace/exp/my-ph/model/corpus/my.vcb
Reading vocabulary file from:/workspace/exp/my-ph/model/corpus/ph.vcb
Source vocabulary list has 2281 unique tokens 
Target vocabulary list has 1835 unique tokens 
Calculating vocabulary frequencies from corpus /workspace/exp/my-ph/model/corpus/ph-my-int-train.snt
Reading more sentence pairs into memory ... 
Corpus fits in memory, corpus has: 20000 sentence pairs.
Compacted Vocabulary, eliminated 1 entries 2280 remains 
Compacted Vocabulary, eliminated 1 entries 1834 remains 
 Train total # sentence pairs (weighted): 20000
Size of source portion of the training corpus: 57336 tokens
Size of the target portion of the training corpus: 57346 tokens 
In source portion of the training corpus, only 2280 unique tokens appeared
In target portion of the training corpus, only 1833 unique tokens appeared
lambda for PP calculation in IBM-1,IBM-2,HMM:= 57346/(77336-20000)== 1.00017
Dictionary Loading complete
Inputfile in /workspace/exp/my-ph/model/giza.ph-my/ph-my.cooc
There are 74797 74797 entries in table
cooc file loading completed
TTable initialization OK
Model one initalization OK
==========================================================
Model1 Training Started at: Tue Jun 16 18:07:41 2026

-----------
Model1: Iteration 1
==========================================================
Model1 Training Started at: Tue Jun 16 18:07:41 2026

-----------
Model1: Iteration 1
==========================================================
Model1 Training Started at: Tue Jun 16 18:07:41 2026

-----------
Model1: Iteration 1
==========================================================
Model1 Training Started at: Tue Jun 16 18:07:41 2026

-----------
Model1: Iteration 1
Main thread done, waiting
Thread 1done
Thread 2done
Thread 3done
Normalizing T 
 DONE Normalizing 
Model1: (1) TRAIN CROSS-ENTROPY 13.8449 PERPLEXITY 14713.6
Model1: (1) VITERBI TRAIN CROSS-ENTROPY 15.8685 PERPLEXITY 59827.3
Model 1 Iteration: 1 took: 0 seconds
-----------
Model1: Iteration 2
==========================================================
Model1 Training Started at: Tue Jun 16 18:07:41 2026

-----------
Model1: Iteration 2
==========================================================
Model1 Training Started at: Tue Jun 16 18:07:41 2026

-----------
Model1: Iteration 2
==========================================================
Model1 Training Started at: Tue Jun 16 18:07:41 2026

-----------
Model1: Iteration 2
Main thread done, waiting
Thread 1done
Thread 2done
Thread 3done
Normalizing T 
 DONE Normalizing 
Model1: (2) TRAIN CROSS-ENTROPY 4.52781 PERPLEXITY 23.0679
Model1: (2) VITERBI TRAIN CROSS-ENTROPY 4.88116 PERPLEXITY 29.4697
Model 1 Iteration: 2 took: 0 seconds
-----------
Model1: Iteration 3
==========================================================
Model1 Training Started at: Tue Jun 16 18:07:41 2026

-----------
Model1: Iteration 3
==========================================================
Model1 Training Started at: Tue Jun 16 18:07:41 2026

-----------
Model1: Iteration 3
==========================================================
Model1 Training Started at: Tue Jun 16 18:07:41 2026

-----------
Model1: Iteration 3
Main thread done, waiting
Thread 1done
Thread 2done
Thread 3done
Normalizing T 
 DONE Normalizing 
Model1: (3) TRAIN CROSS-ENTROPY 3.46357 PERPLEXITY 11.0316
Model1: (3) VITERBI TRAIN CROSS-ENTROPY 3.66167 PERPLEXITY 12.6553
Model 1 Iteration: 3 took: 0 seconds
-----------
Model1: Iteration 4
==========================================================
Model1 Training Started at: ==========================================================
Model1 Training Started at: Tue Jun 16 18:07:41 2026

-----------
Model1: Iteration 4
Tue Jun 16 18:07:41 2026

-----------
Model1: Iteration 4
==========================================================
Model1 Training Started at: Tue Jun 16 18:07:41 2026

-----------
Model1: Iteration 4
Main thread done, waiting
Thread 1done
Thread 2done
Thread 3done
Normalizing T 
 DONE Normalizing 
Model1: (4) TRAIN CROSS-ENTROPY 3.33429 PERPLEXITY 10.086
Model1: (4) VITERBI TRAIN CROSS-ENTROPY 3.51039 PERPLEXITY 11.3955
Model 1 Iteration: 4 took: 0 seconds
-----------
Model1: Iteration 5
==========================================================
Model1 Training Started at: Tue Jun 16 18:07:41 2026

-----------
Model1: Iteration 5
==========================================================
Model1 Training Started at: Tue Jun 16 18:07:41 2026

-----------
Model1: Iteration 5
==========================================================
Model1 Training Started at: Tue Jun 16 18:07:41 2026

-----------
Model1: Iteration 5
Main thread done, waiting
Thread 1done
Thread 2done
Thread 3done
Normalizing T 
 DONE Normalizing 
Model1: (5) TRAIN CROSS-ENTROPY 3.31254 PERPLEXITY 9.93517
Model1: (5) VITERBI TRAIN CROSS-ENTROPY 3.48032 PERPLEXITY 11.1604
Model 1 Iteration: 5 took: 0 seconds
Entire Model1 Training took: 0 seconds
NOTE: I am doing iterations with the HMM model!
Read classes: #words: 2280  #classes: 51
Actual number of read words: 2279 stored words: 2279
Read classes: #words: 1834  #classes: 51
Actual number of read words: 1833 stored words: 1833

==========================================================
Hmm Training Started at: Tue Jun 16 18:07:41 2026

-----------
Hmm: Iteration 1
Dump files 0 it 1 noIterations 5 dumpFreq 0
Thread 1done
Thread 2done
Thread 3done
A/D table contains 607 parameters.
Hmm: (1) TRAIN CROSS-ENTROPY 3.30876 PERPLEXITY 9.90911
Hmm: (1) VITERBI TRAIN CROSS-ENTROPY 3.47199 PERPLEXITY 11.0962

Hmm Iteration: 1 took: 0 seconds

-----------
Hmm: Iteration 2
Dump files 0 it 2 noIterations 5 dumpFreq 0
Thread 1done
Thread 2done
Thread 3done
A/D table contains 607 parameters.
Hmm: (2) TRAIN CROSS-ENTROPY 1.29096 PERPLEXITY 2.44691
Hmm: (2) VITERBI TRAIN CROSS-ENTROPY 1.30413 PERPLEXITY 2.46935

Hmm Iteration: 2 took: 0 seconds

-----------
Hmm: Iteration 3
Dump files 0 it 3 noIterations 5 dumpFreq 0
Thread 1done
Thread 2done
Thread 3done
A/D table contains 607 parameters.
Hmm: (3) TRAIN CROSS-ENTROPY 1.11669 PERPLEXITY 2.16848
Hmm: (3) VITERBI TRAIN CROSS-ENTROPY 1.12203 PERPLEXITY 2.17654

Hmm Iteration: 3 took: 0 seconds

-----------
Hmm: Iteration 4
Dump files 0 it 4 noIterations 5 dumpFreq 0
Thread 1done
Thread 2done
Thread 3done
A/D table contains 607 parameters.
Hmm: (4) TRAIN CROSS-ENTROPY 1.08141 PERPLEXITY 2.11611
Hmm: (4) VITERBI TRAIN CROSS-ENTROPY 1.08478 PERPLEXITY 2.12105

Hmm Iteration: 4 took: 0 seconds

-----------
Hmm: Iteration 5
Dump files 0 it 5 noIterations 5 dumpFreq 0
Thread 1done
Thread 2done
Thread 3done
A/D table contains 607 parameters.
Hmm: (5) TRAIN CROSS-ENTROPY 1.06796 PERPLEXITY 2.09647
Hmm: (5) VITERBI TRAIN CROSS-ENTROPY 1.07053 PERPLEXITY 2.1002

Hmm Iteration: 5 took: 0 seconds

Entire Hmm Training took: 0 seconds
==========================================================

==========================================================
Starting H333444:  Viterbi Training
 H333444 Training Started at: Tue Jun 16 18:07:41 2026


---------------------
THTo3: Iteration 1
10000
20000#centers(pre/hillclimbed/real): #centers(pre/hillclimbed/real): #centers(pre/hillclimbed/real): 1 1 1 
1 1  #al: 13.3231 #alsophisticatedcountcollection: 0 #hcsteps: 0
#peggingImprovements: 0
#centers(pre/hillclimbed/real): 1  #al: 13.4139 #alsophisticatedcountcollection: 0 #hcsteps: 0
#peggingImprovements: 0
1 1 1  #al: 13.4329 #alsophisticatedcountcollection: 0 #hcsteps: 0
#peggingImprovements: 0
1 1 1  #al: 13.2169 #alsophisticatedcountcollection: 0 #hcsteps: 0
#peggingImprovements: 0
Thread 1done
Thread 2done
Thread 3done
A/D table contains 607 parameters.
A/D table contains 594 parameters.
NTable contains 22810 parameter.
p0_count is 57249.9 and p1 is 48.0575; p0 is 0.999 p1: 0.001
THTo3: TRAIN CROSS-ENTROPY 0.32691 PERPLEXITY 1.25432
THTo3: (1) TRAIN VITERBI CROSS-ENTROPY 0.329078 PERPLEXITY 1.25621

THTo3 Viterbi Iteration : 1 took: 0 seconds

---------------------
Model3: Iteration 2
10000
20000#centers(pre/hillclimbed/real): #centers(pre/hillclimbed/real): #centers(pre/hillclimbed/real): 1 11  1  #al: 1 1  #al: 13.2369 #alsophisticatedcountcollection: 0 #hcsteps: 1.0040813.4093 #alsophisticatedcountcollection: 
0 #hcsteps: #peggingImprovements: 1.00227

#centers(pre/hillclimbed/real): #peggingImprovements: 1 1 1  #al: 13.3546 #alsophisticatedcountcollection: 0 #hcsteps: 1.00195
#peggingImprovements: 0
0
0
1 1 1  #al: 13.3917 #alsophisticatedcountcollection: 0 #hcsteps: 1.00175
#peggingImprovements: 0
Thread 1done
Thread 2done
Thread 3done
A/D table contains 607 parameters.
A/D table contains 582 parameters.
NTable contains 22810 parameter.
p0_count is 57324.1 and p1 is 10.9696; p0 is 0.999 p1: 0.001
Model3: TRAIN CROSS-ENTROPY 0.747691 PERPLEXITY 1.6791
Model3: (2) TRAIN VITERBI CROSS-ENTROPY 0.747837 PERPLEXITY 1.67927

Model3 Viterbi Iteration : 2 took: 0 seconds

---------------------
Model3: Iteration 3
10000
20000#centers(pre/hillclimbed/real): 
#centers(pre/hillclimbed/real): 1 11  1  #al: 1 1  #al: 13.256 #alsophisticatedcountcollection: 0 #hcsteps: 13.46431.00133
#peggingImprovements: 0
 #alsophisticatedcountcollection: 0 #hcsteps: 1.00304#centers(pre/hillclimbed/real): 
#peggingImprovements: 0
1 1 1  #al: 13.208 #alsophisticatedcountcollection: 0 #hcsteps: 1.00163
#peggingImprovements: 0
#centers(pre/hillclimbed/real): 1 1 1  #al: 13.4764 #alsophisticatedcountcollection: 0 #hcsteps: 1.00175
#peggingImprovements: 0
Thread 1done
Thread 2done
Thread 3done
A/D table contains 607 parameters.
A/D table contains 570 parameters.
NTable contains 22810 parameter.
p0_count is 57342.9 and p1 is 1.54451; p0 is 0.999 p1: 0.001
Model3: TRAIN CROSS-ENTROPY 0.734239 PERPLEXITY 1.66352
Model3: (3) TRAIN VITERBI CROSS-ENTROPY 0.734277 PERPLEXITY 1.66356

Model3 Viterbi Iteration : 3 took: 0 seconds

---------------------
T3To4: Iteration 4
10000
20000#centers(pre/hillclimbed/real): 
1 1 1  #al: 13.2857 #alsophisticatedcountcollection: 3.97041 #hcsteps: 1.0006
#peggingImprovements: 0
#centers(pre/hillclimbed/real): 1 1 1  #al: 13.3332 #alsophisticatedcountcollection: 4.00421 #hcsteps: 1.001
#peggingImprovements: 0
#centers(pre/hillclimbed/real): 1 1 1  #al: 13.3345 #alsophisticatedcountcollection: 3.99301 #hcsteps: 1.0018
#peggingImprovements: 0
#centers(pre/hillclimbed/real): 1 1 1  #al: 13.4452 #alsophisticatedcountcollection: 4.03023 #hcsteps: 1.00161
#peggingImprovements: 0
D4 table contains 485373 parameters.
Thread 1done
Thread 2done
Thread 3done
A/D table contains 607 parameters.
A/D table contains 546 parameters.
NTable contains 22810 parameter.
p0_count is 57343.7 and p1 is 1.13776; p0 is 0.999 p1: 0.001
T3To4: TRAIN CROSS-ENTROPY 0.731183 PERPLEXITY 1.66
T3To4: (4) TRAIN VITERBI CROSS-ENTROPY 0.731188 PERPLEXITY 1.66001

T3To4 Viterbi Iteration : 4 took: 0 seconds

---------------------
Model4: Iteration 5
10000
20000
#centers(pre/hillclimbed/real): 1 1 1  #al: 13.606 #alsophisticatedcountcollection: 4.57256 #hcsteps: 1.00061
#peggingImprovements: 0
#centers(pre/hillclimbed/real): 1 1 1  #al: 13.2972 #alsophisticatedcountcollection: 4.52507 #hcsteps: 1.0002
#peggingImprovements: 0
#centers(pre/hillclimbed/real): 1 1 1  #al: 13.4466 #alsophisticatedcountcollection: 4.56023 #hcsteps: 1
#peggingImprovements: 0
#centers(pre/hillclimbed/real): 1 1 1  #al: 13.0594 #alsophisticatedcountcollection: 4.39673 #hcsteps: 1.00019
#peggingImprovements: 0
D4 table contains 485373 parameters.
Thread 1done
Thread 2done
Thread 3done
A/D table contains 607 parameters.
A/D table contains 537 parameters.
NTable contains 22810 parameter.
p0_count is 57344 and p1 is 0.996572; p0 is 0.999 p1: 0.001
Model4: TRAIN CROSS-ENTROPY 1.26892 PERPLEXITY 2.40982
Model4: (5) TRAIN VITERBI CROSS-ENTROPY 1.26915 PERPLEXITY 2.4102

Model4 Viterbi Iteration : 5 took: 0 seconds

---------------------
Model4: Iteration 6
I will write alignment to /workspace/exp/my-ph/model/giza.ph-my/ph-my.A3.final.part001
I will write alignment to /workspace/exp/my-ph/model/giza.ph-my/ph-my.A3.final.part002
I will write alignment to /workspace/exp/my-ph/model/giza.ph-my/ph-my.A3.final.part000
I will write alignment to /workspace/exp/my-ph/model/giza.ph-my/ph-my.A3.final.part003
10000
20000
#centers(pre/hillclimbed/real): 1 1 1  #al: 13.2281 #alsophisticatedcountcollection: 4.23275 #hcsteps: 1.00019
#peggingImprovements: 0
D4 table contains 485373 parameters.
#centers(pre/hillclimbed/real): #centers(pre/hillclimbed/real): 1 1 1  #al: 13.3523 #alsophisticatedcountcollection: 1 4.358631 1  #al:  #hcsteps: 1
#peggingImprovements: 0
13.3926 #alsophisticatedcountcollection: 4.82347 #hcsteps: 1.00021
#peggingImprovements: 0
Thread 1done
#centers(pre/hillclimbed/real): 1 1 1  #al: 13.4386 #alsophisticatedcountcollection: 4.69112 #hcsteps: 1.00062
#peggingImprovements: 0
Thread 2done
Thread 3done
A/D table contains 607 parameters.
A/D table contains 533 parameters.
NTable contains 22810 parameter.
p0_count is 57344 and p1 is 0.99598; p0 is 0.999 p1: 0.001
Model4: TRAIN CROSS-ENTROPY 1.26901 PERPLEXITY 2.40995
Model4: (6) TRAIN VITERBI CROSS-ENTROPY 1.26925 PERPLEXITY 2.41037

Model4 Viterbi Iteration : 6 took: 0 seconds
H333444 Training Finished at: Tue Jun 16 18:07:41 2026


Entire Viterbi H333444 Training took: 0 seconds
==========================================================

Entire Training took: 0 seconds
Program Finished at: Tue Jun 16 18:07:41 2026

==========================================================
Merging A3.final.part* tables
Executing: /workspace/tools/training-tools/merge_alignment.py  /workspace/exp/my-ph/model/giza.ph-my/ph-my.A3.final.part*>/workspace/exp/my-ph/model/giza.ph-my/ph-my.A3.final
Combined 4 files, totally 20000 sents 
Executing: rm -f /workspace/exp/my-ph/model/giza.ph-my/ph-my.A3.final.gz
Executing: gzip /workspace/exp/my-ph/model/giza.ph-my/ph-my.A3.final
(3) generate word alignment @ Tue Jun 16 18:07:43 UTC 2026
Combining forward and inverted alignment from files:
  /workspace/exp/my-ph/model/giza.my-ph/my-ph.A3.final.{bz2,gz}
  /workspace/exp/my-ph/model/giza.ph-my/ph-my.A3.final.{bz2,gz}
Executing: mkdir -p /workspace/exp/my-ph/model/model
Executing: /workspace/tools/mosesdecoder/scripts/training/giza2bal.pl -d "gzip -cd /workspace/exp/my-ph/model/giza.ph-my/ph-my.A3.final.gz" -i "gzip -cd /workspace/exp/my-ph/model/giza.my-ph/my-ph.A3.final.gz" |/workspace/tools/mosesdecoder/scripts/../bin/symal -alignment="grow" -diagonal="yes" -final="yes" -both="yes" > /workspace/exp/my-ph/model/model/aligned.grow-diag-final-and
symal: computing grow alignment: diagonal (1) final (1)both-uncovered (1)
skip=<0> counts=<20000>
(4) generate lexical translation table 0-0 @ Tue Jun 16 18:07:45 UTC 2026
(/workspace/exp/clean-data/clean-train.my,/workspace/exp/clean-data/clean-train.ph,/workspace/exp/my-ph/model/model/lex)
!!!!!!!!!!!!!!!!!!!!
Saved: /workspace/exp/my-ph/model/model/lex.f2e and /workspace/exp/my-ph/model/model/lex.e2f
FILE: /workspace/exp/clean-data/clean-train.ph
FILE: /workspace/exp/clean-data/clean-train.my
FILE: /workspace/exp/my-ph/model/model/aligned.grow-diag-final-and
(5) extract phrases @ Tue Jun 16 18:07:45 UTC 2026
/workspace/tools/mosesdecoder/scripts/generic/extract-parallel.perl 4 split "sort    " /workspace/tools/mosesdecoder/scripts/../bin/extract /workspace/exp/clean-data/clean-train.ph /workspace/exp/clean-data/clean-train.my /workspace/exp/my-ph/model/model/aligned.grow-diag-final-and /workspace/exp/my-ph/model/model/extract 7 orientation --model wbe-msd --GZOutput 
Executing: /workspace/tools/mosesdecoder/scripts/generic/extract-parallel.perl 4 split "sort    " /workspace/tools/mosesdecoder/scripts/../bin/extract /workspace/exp/clean-data/clean-train.ph /workspace/exp/clean-data/clean-train.my /workspace/exp/my-ph/model/model/aligned.grow-diag-final-and /workspace/exp/my-ph/model/model/extract 7 orientation --model wbe-msd --GZOutput 
MAX 7 1 0
Started Tue Jun 16 18:07:45 2026
using gzip 
isBSDSplit=0 
Executing: mkdir -p /workspace/exp/my-ph/model/model/tmp.292; ls -l /workspace/exp/my-ph/model/model/tmp.292 
total=20000 line-per-split=5001 
split -d -l 5001 -a 7 /workspace/exp/clean-data/clean-train.ph /workspace/exp/my-ph/model/model/tmp.292/target.split -d -l 5001 -a 7 /workspace/exp/clean-data/clean-train.my /workspace/exp/my-ph/model/model/tmp.292/source.split -d -l 5001 -a 7 /workspace/exp/my-ph/model/model/aligned.grow-diag-final-and /workspace/exp/my-ph/model/model/tmp.292/align.PhraseExtract v1.5, written by Philipp Koehn et al.PhraseExtract v1.5, written by Philipp Koehn et al.PhraseExtract v1.5, written by Philipp Koehn et al.


phrase extraction from an aligned parallel corpusphrase extraction from an aligned parallel corpusphrase extraction from an aligned parallel corpus


PhraseExtract v1.5, written by Philipp Koehn et al.
phrase extraction from an aligned parallel corpus

..


merging extract / extract.inv
gunzip -c /workspace/exp/my-ph/model/model/tmp.292/extract.0000000.gz /workspace/exp/my-ph/model/model/tmp.292/extract.0000001.gz /workspace/exp/my-ph/model/model/tmp.292/extract.0000002.gz /workspace/exp/my-ph/model/model/tmp.292/extract.0000003.gz  | LC_ALL=C sort     -T /workspace/exp/my-ph/model/model/tmp.292 2>> /dev/stderr | gzip -c > /workspace/exp/my-ph/model/model/extract.sorted.gz 2>> /dev/stderr 
gunzip -c /workspace/exp/my-ph/model/model/tmp.292/extract.0000000.inv.gz /workspace/exp/my-ph/model/model/tmp.292/extract.0000001.inv.gz /workspace/exp/my-ph/model/model/tmp.292/extract.0000002.inv.gz /workspace/exp/my-ph/model/model/tmp.292/extract.0000003.inv.gz  | LC_ALL=C sort     -T /workspace/exp/my-ph/model/model/tmp.292 2>> /dev/stderr | gzip -c > /workspace/exp/my-ph/model/model/extract.inv.sorted.gz 2>> /dev/stderr 
gunzip -c /workspace/exp/my-ph/model/model/tmp.292/extract.0000000.o.gz /workspace/exp/my-ph/model/model/tmp.292/extract.0000001.o.gz /workspace/exp/my-ph/model/model/tmp.292/extract.0000002.o.gz /workspace/exp/my-ph/model/model/tmp.292/extract.0000003.o.gz  | LC_ALL=C sort     -T /workspace/exp/my-ph/model/model/tmp.292 2>> /dev/stderr | gzip -c > /workspace/exp/my-ph/model/model/extract.o.sorted.gz 2>> /dev/stderr 
Finished Tue Jun 16 18:07:46 2026
(6) score phrases @ Tue Jun 16 18:07:46 UTC 2026
(6.1)  creating table half /workspace/exp/my-ph/model/model/phrase-table.half.f2e @ Tue Jun 16 18:07:46 UTC 2026
/workspace/tools/mosesdecoder/scripts/generic/score-parallel.perl 4 "sort    " /workspace/tools/mosesdecoder/scripts/../bin/score /workspace/exp/my-ph/model/model/extract.sorted.gz /workspace/exp/my-ph/model/model/lex.f2e /workspace/exp/my-ph/model/model/phrase-table.half.f2e.gz  0 
Executing: /workspace/tools/mosesdecoder/scripts/generic/score-parallel.perl 4 "sort    " /workspace/tools/mosesdecoder/scripts/../bin/score /workspace/exp/my-ph/model/model/extract.sorted.gz /workspace/exp/my-ph/model/model/lex.f2e /workspace/exp/my-ph/model/model/phrase-table.half.f2e.gz  0 
using gzip 
Started Tue Jun 16 18:07:46 2026
/workspace/tools/mosesdecoder/scripts/../bin/score /workspace/exp/my-ph/model/model/tmp.341/extract.0.gz /workspace/exp/my-ph/model/model/lex.f2e /workspace/exp/my-ph/model/model/tmp.341/phrase-table.half.0000000.gz  2>> /dev/stderr 
/workspace/exp/my-ph/model/model/tmp.341/run.0.sh/workspace/exp/my-ph/model/model/tmp.341/run.2.sh/workspace/exp/my-ph/model/model/tmp.341/run.1.sh/workspace/exp/my-ph/model/model/tmp.341/run.3.shScore v2.1 -- scoring methods for extracted rules
Loading lexical translation table from /workspace/exp/my-ph/model/model/lex.f2e
.
mv /workspace/exp/my-ph/model/model/tmp.341/phrase-table.half.0000000.gz /workspace/exp/my-ph/model/model/phrase-table.half.f2e.gzrm -rf /workspace/exp/my-ph/model/model/tmp.341 
Finished Tue Jun 16 18:07:46 2026
(6.3)  creating table half /workspace/exp/my-ph/model/model/phrase-table.half.e2f @ Tue Jun 16 18:07:46 UTC 2026
/workspace/tools/mosesdecoder/scripts/generic/score-parallel.perl 4 "sort    " /workspace/tools/mosesdecoder/scripts/../bin/score /workspace/exp/my-ph/model/model/extract.inv.sorted.gz /workspace/exp/my-ph/model/model/lex.e2f /workspace/exp/my-ph/model/model/phrase-table.half.e2f.gz --Inverse 1 
Executing: /workspace/tools/mosesdecoder/scripts/generic/score-parallel.perl 4 "sort    " /workspace/tools/mosesdecoder/scripts/../bin/score /workspace/exp/my-ph/model/model/extract.inv.sorted.gz /workspace/exp/my-ph/model/model/lex.e2f /workspace/exp/my-ph/model/model/phrase-table.half.e2f.gz --Inverse 1 
using gzip 
Started Tue Jun 16 18:07:46 2026
/workspace/tools/mosesdecoder/scripts/../bin/score /workspace/exp/my-ph/model/model/tmp.364/extract.0.gz /workspace/exp/my-ph/model/model/lex.e2f /workspace/exp/my-ph/model/model/tmp.364/phrase-table.half.0000000.gz --Inverse  2>> /dev/stderr 
/workspace/exp/my-ph/model/model/tmp.364/run.0.sh/workspace/exp/my-ph/model/model/tmp.364/run.1.sh/workspace/exp/my-ph/model/model/tmp.364/run.2.sh/workspace/exp/my-ph/model/model/tmp.364/run.3.shScore v2.1 -- scoring methods for extracted rules
using inverse mode
Loading lexical translation table from /workspace/exp/my-ph/model/model/lex.e2f
.
gunzip -c /workspace/exp/my-ph/model/model/tmp.364/phrase-table.half.*.gz 2>> /dev/stderr| LC_ALL=C sort     -T /workspace/exp/my-ph/model/model/tmp.364  | gzip -c > /workspace/exp/my-ph/model/model/phrase-table.half.e2f.gz  2>> /dev/stderr rm -rf /workspace/exp/my-ph/model/model/tmp.364 
Finished Tue Jun 16 18:07:46 2026
(6.6) consolidating the two halves @ Tue Jun 16 18:07:46 UTC 2026
Executing: /workspace/tools/mosesdecoder/scripts/../bin/consolidate /workspace/exp/my-ph/model/model/phrase-table.half.f2e.gz /workspace/exp/my-ph/model/model/phrase-table.half.e2f.gz /dev/stdout | gzip -c > /workspace/exp/my-ph/model/model/phrase-table.gz
Consolidate v2.0 written by Philipp Koehn
consolidating direct and indirect rule tables

Executing: rm -f /workspace/exp/my-ph/model/model/phrase-table.half.*
(7) learn reordering model @ Tue Jun 16 18:07:47 UTC 2026
(7.1) [no factors] learn reordering model @ Tue Jun 16 18:07:47 UTC 2026
(7.2) building tables @ Tue Jun 16 18:07:47 UTC 2026
Executing: /workspace/tools/mosesdecoder/scripts/../bin/lexical-reordering-score /workspace/exp/my-ph/model/model/extract.o.sorted.gz 0.5 /workspace/exp/my-ph/model/model/reordering-table. --model "wbe msd wbe-msd-bidirectional-fe"
Lexical Reordering Scorer
scores lexical reordering models of several types (hierarchical, phrase-based and word-based-extraction
(8) learn generation model @ Tue Jun 16 18:07:47 UTC 2026
  no generation model requested, skipping step
(9) create moses.ini @ Tue Jun 16 18:07:47 UTC 2026
