2026-06-17 00:57:10 | INFO     | train | Experiment: exp_bilstm  Model: bilstm
2026-06-17 00:57:10 | INFO     | train | Classes: 541
2026-06-17 00:57:10 | INFO     | train | Using all-class manifest: train=10602, val=558, test=558
2026-06-17 00:57:10 | INFO     | train | Model: bilstm  Params: 4,806,111
2026-06-17 01:02:34 | INFO     | train | Experiment: exp_bilstm  Model: bilstm
2026-06-17 01:02:34 | INFO     | train | Classes: 541
2026-06-17 01:02:34 | INFO     | train | Using all-class manifest: train=10602, val=558, test=558
2026-06-17 01:02:34 | INFO     | train | Model: bilstm  Params: 4,806,111
2026-06-17 01:02:40 | INFO     | train | Weights & Biases logging enabled
2026-06-17 01:02:40 | INFO     | train | Starting training…
2026-06-17 01:03:21 | INFO     | train | Epoch   1/150 | train loss=6.9223 top1=0.31% | val loss=6.4092 top1=0.69% top5=2.26% | lr=5.45e-05 | 41s
2026-06-17 01:03:21 | INFO     | train |   ★ New best val top-1: 0.69%
2026-06-17 01:04:03 | INFO     | train | Epoch   2/150 | train loss=6.4195 top1=0.66% | val loss=5.6401 top1=5.26% top5=13.52% | lr=1.04e-04 | 42s
2026-06-17 01:04:03 | INFO     | train |   ★ New best val top-1: 5.26%
2026-06-17 01:04:59 | INFO     | train | Epoch   3/150 | train loss=5.5526 top1=4.70% | val loss=4.6485 top1=20.11% top5=42.98% | lr=1.53e-04 | 55s
2026-06-17 01:04:59 | INFO     | train |   ★ New best val top-1: 20.11%
2026-06-17 01:06:31 | INFO     | train | Epoch   4/150 | train loss=4.4497 top1=19.70% | val loss=3.5528 top1=45.88% top5=67.56% | lr=2.03e-04 | 92s
2026-06-17 01:06:31 | INFO     | train |   ★ New best val top-1: 45.88%
2026-06-17 01:08:45 | INFO     | train | Epoch   5/150 | train loss=3.3802 top1=43.59% | val loss=2.6810 top1=61.38% top5=81.27% | lr=2.53e-04 | 134s
2026-06-17 01:08:45 | INFO     | train |   ★ New best val top-1: 61.38%
2026-06-17 01:10:59 | INFO     | train | Epoch   6/150 | train loss=2.6277 top1=61.49% | val loss=2.2782 top1=69.77% top5=86.28% | lr=3.02e-04 | 133s
2026-06-17 01:10:59 | INFO     | train |   ★ New best val top-1: 69.77%
2026-06-17 01:13:12 | INFO     | train | Epoch   7/150 | train loss=2.2425 top1=71.28% | val loss=2.0361 top1=75.37% top5=89.93% | lr=3.52e-04 | 134s
2026-06-17 01:13:12 | INFO     | train |   ★ New best val top-1: 75.37%
2026-06-17 01:15:26 | INFO     | train | Epoch   8/150 | train loss=2.0310 top1=77.42% | val loss=1.9243 top1=77.78% top5=91.32% | lr=4.01e-04 | 134s
2026-06-17 01:15:26 | INFO     | train |   ★ New best val top-1: 77.78%
2026-06-17 01:17:40 | INFO     | train | Epoch   9/150 | train loss=1.9011 top1=80.44% | val loss=1.9069 top1=79.81% top5=90.10% | lr=4.51e-04 | 134s
2026-06-17 01:17:40 | INFO     | train |   ★ New best val top-1: 79.81%
2026-06-17 01:19:54 | INFO     | train | Epoch  10/150 | train loss=1.8075 top1=82.65% | val loss=1.7968 top1=81.89% top5=91.32% | lr=5.00e-04 | 134s
2026-06-17 01:19:54 | INFO     | train |   ★ New best val top-1: 81.89%
2026-06-17 01:22:08 | INFO     | train | Epoch  11/150 | train loss=1.7232 top1=85.53% | val loss=1.7306 top1=83.68% top5=92.71% | lr=5.00e-04 | 134s
2026-06-17 01:22:08 | INFO     | train |   ★ New best val top-1: 83.68%
2026-06-17 01:24:21 | INFO     | train | Epoch  12/150 | train loss=1.6575 top1=87.29% | val loss=1.6921 top1=83.63% top5=93.23% | lr=5.00e-04 | 132s
2026-06-17 01:26:35 | INFO     | train | Epoch  13/150 | train loss=1.5801 top1=88.69% | val loss=1.6311 top1=85.76% top5=93.58% | lr=5.00e-04 | 134s
2026-06-17 01:26:35 | INFO     | train |   ★ New best val top-1: 85.76%
2026-06-17 01:28:49 | INFO     | train | Epoch  14/150 | train loss=1.5196 top1=90.55% | val loss=1.6214 top1=87.67% top5=93.40% | lr=4.99e-04 | 134s
2026-06-17 01:28:49 | INFO     | train |   ★ New best val top-1: 87.67%
2026-06-17 01:31:03 | INFO     | train | Epoch  15/150 | train loss=1.4711 top1=91.39% | val loss=1.5652 top1=88.02% top5=93.58% | lr=4.99e-04 | 134s
2026-06-17 01:31:04 | INFO     | train |   ★ New best val top-1: 88.02%
2026-06-17 01:33:17 | INFO     | train | Epoch  16/150 | train loss=1.4293 top1=92.41% | val loss=1.5382 top1=89.06% top5=94.44% | lr=4.98e-04 | 134s
2026-06-17 01:33:17 | INFO     | train |   ★ New best val top-1: 89.06%
2026-06-17 01:35:31 | INFO     | train | Epoch  17/150 | train loss=1.4010 top1=92.89% | val loss=1.4765 top1=90.62% top5=95.66% | lr=4.97e-04 | 134s
2026-06-17 01:35:31 | INFO     | train |   ★ New best val top-1: 90.62%
2026-06-17 01:37:45 | INFO     | train | Epoch  18/150 | train loss=1.3667 top1=93.62% | val loss=1.5152 top1=89.24% top5=94.27% | lr=4.97e-04 | 134s
2026-06-17 01:39:59 | INFO     | train | Epoch  19/150 | train loss=1.3471 top1=93.83% | val loss=1.5188 top1=89.41% top5=93.40% | lr=4.96e-04 | 134s
2026-06-17 01:42:13 | INFO     | train | Epoch  20/150 | train loss=1.3164 top1=94.53% | val loss=1.4719 top1=90.28% top5=94.97% | lr=4.95e-04 | 134s
2026-06-17 01:44:27 | INFO     | train | Epoch  21/150 | train loss=1.2941 top1=94.76% | val loss=1.4716 top1=89.93% top5=94.97% | lr=4.93e-04 | 134s
2026-06-17 01:46:41 | INFO     | train | Epoch  22/150 | train loss=1.2795 top1=95.19% | val loss=1.4665 top1=89.93% top5=94.62% | lr=4.92e-04 | 134s
2026-06-17 01:48:55 | INFO     | train | Epoch  23/150 | train loss=1.2588 top1=95.42% | val loss=1.4360 top1=90.28% top5=95.31% | lr=4.91e-04 | 134s
2026-06-17 01:51:09 | INFO     | train | Epoch  24/150 | train loss=1.2473 top1=95.69% | val loss=1.4398 top1=91.15% top5=94.97% | lr=4.89e-04 | 134s
2026-06-17 01:51:09 | INFO     | train |   ★ New best val top-1: 91.15%
2026-06-17 01:53:23 | INFO     | train | Epoch  25/150 | train loss=1.2337 top1=96.01% | val loss=1.4686 top1=89.76% top5=94.79% | lr=4.88e-04 | 134s
2026-06-17 01:55:37 | INFO     | train | Epoch  26/150 | train loss=1.2156 top1=96.27% | val loss=1.4365 top1=90.92% top5=95.31% | lr=4.86e-04 | 134s
2026-06-17 01:57:51 | INFO     | train | Epoch  27/150 | train loss=1.2075 top1=96.26% | val loss=1.3969 top1=91.32% top5=95.83% | lr=4.84e-04 | 134s
2026-06-17 01:57:51 | INFO     | train |   ★ New best val top-1: 91.32%
2026-06-17 02:00:05 | INFO     | train | Epoch  28/150 | train loss=1.1938 top1=96.77% | val loss=1.3985 top1=91.84% top5=94.97% | lr=4.83e-04 | 134s
2026-06-17 02:00:05 | INFO     | train |   ★ New best val top-1: 91.84%
2026-06-17 02:02:20 | INFO     | train | Epoch  29/150 | train loss=1.1907 top1=96.58% | val loss=1.4132 top1=91.84% top5=95.83% | lr=4.81e-04 | 134s
2026-06-17 02:04:34 | INFO     | train | Epoch  30/150 | train loss=1.1802 top1=96.76% | val loss=1.4120 top1=90.97% top5=95.66% | lr=4.79e-04 | 134s
2026-06-17 02:06:48 | INFO     | train | Epoch  31/150 | train loss=1.1722 top1=96.99% | val loss=1.4004 top1=91.84% top5=94.79% | lr=4.76e-04 | 134s
2026-06-17 02:09:02 | INFO     | train | Epoch  32/150 | train loss=1.1604 top1=97.04% | val loss=1.3975 top1=92.36% top5=95.83% | lr=4.74e-04 | 134s
2026-06-17 02:09:02 | INFO     | train |   ★ New best val top-1: 92.36%
2026-06-17 02:11:17 | INFO     | train | Epoch  33/150 | train loss=1.1561 top1=97.07% | val loss=1.3733 top1=93.23% top5=95.83% | lr=4.72e-04 | 135s
2026-06-17 02:11:17 | INFO     | train |   ★ New best val top-1: 93.23%
2026-06-17 02:13:31 | INFO     | train | Epoch  34/150 | train loss=1.1462 top1=97.48% | val loss=1.3740 top1=93.06% top5=95.49% | lr=4.69e-04 | 134s
2026-06-17 02:15:44 | INFO     | train | Epoch  35/150 | train loss=1.1425 top1=97.36% | val loss=1.4019 top1=91.32% top5=95.31% | lr=4.67e-04 | 133s
2026-06-17 02:17:57 | INFO     | train | Epoch  36/150 | train loss=1.1324 top1=97.71% | val loss=1.3894 top1=91.84% top5=94.79% | lr=4.64e-04 | 133s
2026-06-17 02:20:11 | INFO     | train | Epoch  37/150 | train loss=1.1281 top1=97.68% | val loss=1.3839 top1=91.67% top5=95.83% | lr=4.61e-04 | 133s
2026-06-17 02:22:25 | INFO     | train | Epoch  38/150 | train loss=1.1281 top1=97.52% | val loss=1.3581 top1=92.36% top5=95.83% | lr=4.59e-04 | 134s
2026-06-17 02:24:39 | INFO     | train | Epoch  39/150 | train loss=1.1187 top1=97.93% | val loss=1.3524 top1=93.06% top5=95.66% | lr=4.56e-04 | 134s
2026-06-17 02:26:53 | INFO     | train | Epoch  40/150 | train loss=1.1099 top1=98.16% | val loss=1.3570 top1=93.58% top5=96.01% | lr=4.53e-04 | 134s
2026-06-17 02:26:53 | INFO     | train |   ★ New best val top-1: 93.58%
2026-06-17 02:29:08 | INFO     | train | Epoch  41/150 | train loss=1.1128 top1=98.03% | val loss=1.3376 top1=94.27% top5=96.18% | lr=4.50e-04 | 135s
2026-06-17 02:29:08 | INFO     | train |   ★ New best val top-1: 94.27%
2026-06-17 02:31:23 | INFO     | train | Epoch  42/150 | train loss=1.1028 top1=98.19% | val loss=1.3478 top1=93.06% top5=96.18% | lr=4.46e-04 | 135s
2026-06-17 02:33:38 | INFO     | train | Epoch  43/150 | train loss=1.0980 top1=98.37% | val loss=1.3475 top1=92.36% top5=96.35% | lr=4.43e-04 | 135s
2026-06-17 02:35:53 | INFO     | train | Epoch  44/150 | train loss=1.1007 top1=98.14% | val loss=1.3332 top1=92.71% top5=96.01% | lr=4.40e-04 | 135s
2026-06-17 02:38:08 | INFO     | train | Epoch  45/150 | train loss=1.0932 top1=98.27% | val loss=1.3270 top1=93.92% top5=95.83% | lr=4.36e-04 | 135s
2026-06-17 02:40:23 | INFO     | train | Epoch  46/150 | train loss=1.0841 top1=98.66% | val loss=1.3379 top1=93.58% top5=96.35% | lr=4.33e-04 | 135s
2026-06-17 02:42:38 | INFO     | train | Epoch  47/150 | train loss=1.0858 top1=98.45% | val loss=1.3337 top1=92.88% top5=95.83% | lr=4.29e-04 | 135s
2026-06-17 02:44:53 | INFO     | train | Epoch  48/150 | train loss=1.0810 top1=98.59% | val loss=1.3471 top1=93.40% top5=95.66% | lr=4.26e-04 | 135s
2026-06-17 02:47:08 | INFO     | train | Epoch  49/150 | train loss=1.0775 top1=98.72% | val loss=1.3261 top1=93.58% top5=95.83% | lr=4.22e-04 | 135s
2026-06-17 02:49:23 | INFO     | train | Epoch  50/150 | train loss=1.0749 top1=98.65% | val loss=1.3296 top1=93.06% top5=95.66% | lr=4.18e-04 | 135s
2026-06-17 02:51:38 | INFO     | train | Epoch  51/150 | train loss=1.0710 top1=98.86% | val loss=1.3136 top1=93.23% top5=96.35% | lr=4.14e-04 | 135s
2026-06-17 02:53:53 | INFO     | train | Epoch  52/150 | train loss=1.0662 top1=98.89% | val loss=1.3245 top1=94.10% top5=96.18% | lr=4.10e-04 | 135s
2026-06-17 02:56:08 | INFO     | train | Epoch  53/150 | train loss=1.0638 top1=98.93% | val loss=1.3288 top1=93.06% top5=96.01% | lr=4.06e-04 | 135s
2026-06-17 02:58:23 | INFO     | train | Epoch  54/150 | train loss=1.0610 top1=99.08% | val loss=1.3166 top1=93.40% top5=96.35% | lr=4.02e-04 | 135s
2026-06-17 03:00:37 | INFO     | train | Epoch  55/150 | train loss=1.0616 top1=98.95% | val loss=1.3219 top1=92.88% top5=96.18% | lr=3.98e-04 | 135s
2026-06-17 03:02:52 | INFO     | train | Epoch  56/150 | train loss=1.0594 top1=99.00% | val loss=1.3270 top1=93.58% top5=96.01% | lr=3.94e-04 | 135s
2026-06-17 03:05:07 | INFO     | train | Epoch  57/150 | train loss=1.0601 top1=99.07% | val loss=1.3139 top1=93.75% top5=96.01% | lr=3.89e-04 | 135s
2026-06-17 03:07:22 | INFO     | train | Epoch  58/150 | train loss=1.0540 top1=99.17% | val loss=1.3237 top1=92.71% top5=96.01% | lr=3.85e-04 | 134s
2026-06-17 03:09:36 | INFO     | train | Epoch  59/150 | train loss=1.0535 top1=99.14% | val loss=1.3273 top1=93.23% top5=96.18% | lr=3.81e-04 | 134s
2026-06-17 03:11:51 | INFO     | train | Epoch  60/150 | train loss=1.0486 top1=99.37% | val loss=1.3096 top1=93.40% top5=96.35% | lr=3.76e-04 | 135s
2026-06-17 03:14:05 | INFO     | train | Epoch  61/150 | train loss=1.0483 top1=99.20% | val loss=1.3234 top1=93.75% top5=96.53% | lr=3.72e-04 | 134s
2026-06-17 03:16:20 | INFO     | train | Epoch  62/150 | train loss=1.0434 top1=99.43% | val loss=1.3173 top1=93.40% top5=96.18% | lr=3.67e-04 | 135s
2026-06-17 03:18:35 | INFO     | train | Epoch  63/150 | train loss=1.0436 top1=99.40% | val loss=1.2967 top1=93.75% top5=96.01% | lr=3.63e-04 | 135s
2026-06-17 03:20:51 | INFO     | train | Epoch  64/150 | train loss=1.0405 top1=99.37% | val loss=1.2841 top1=94.10% top5=96.18% | lr=3.58e-04 | 135s
2026-06-17 03:23:06 | INFO     | train | Epoch  65/150 | train loss=1.0396 top1=99.38% | val loss=1.3201 top1=93.40% top5=95.83% | lr=3.53e-04 | 135s
2026-06-17 03:25:20 | INFO     | train | Epoch  66/150 | train loss=1.0381 top1=99.46% | val loss=1.3230 top1=94.10% top5=96.18% | lr=3.48e-04 | 135s
2026-06-17 03:25:21 | INFO     | train | Early stopping at epoch 66 (patience=25)
2026-06-17 03:25:26 | INFO     | train | Training complete. Best val top-1: 94.27%
2026-06-17 03:25:26 | INFO     | train | Best checkpoint: results/exp_bilstm/checkpoints/best.pth
